[INFO] Scanning for projects...
[INFO] 
[INFO] ----------------------< org.example:chatService >-----------------------
[INFO] Building chatService 0.0.1-SNAPSHOT
[INFO]   from pom.xml
[INFO] --------------------------------[ jar ]---------------------------------
[INFO] 
[INFO] >>> spring-boot:4.0.1:run (default-cli) > test-compile @ chatService >>>
[INFO] 
[INFO] --- resources:3.3.1:resources (default-resources) @ chatService ---
[INFO] Copying 1 resource from src/main/resources to target/classes
[INFO] Copying 0 resource from src/main/resources to target/classes
[INFO] 
[INFO] --- compiler:3.14.1:compile (default-compile) @ chatService ---
[INFO] Recompiling the module because of added or removed source files.
[INFO] Compiling 17 source files with javac [debug parameters release 17] to target/classes
[INFO] 
[INFO] --- resources:3.3.1:testResources (default-testResources) @ chatService ---
[INFO] skip non existing resourceDirectory /Users/abderrahimdefaoui/Desktop/blood-donaiton-main/backend/chatService/src/test/resources
[INFO] 
[INFO] --- compiler:3.14.1:testCompile (default-testCompile) @ chatService ---
[INFO] Recompiling the module because of changed dependency.
[INFO] Compiling 1 source file with javac [debug parameters release 17] to target/test-classes
[INFO] 
[INFO] <<< spring-boot:4.0.1:run (default-cli) < test-compile @ chatService <<<
[INFO] 
[INFO] 
[INFO] --- spring-boot:4.0.1:run (default-cli) @ chatService ---
[INFO] Attaching agents: []

  .   ____          _            __ _ _
 /\\ / ___'_ __ _ _(_)_ __  __ _ \ \ \ \
( ( )\___ | '_ | '_| | '_ \/ _` | \ \ \ \
 \\/  ___)| |_)| | | | | || (_| |  ) ) ) )
  '  |____| .__|_| |_|_| |_\__, | / / / /
 =========|_|==============|___/=/_/_/_/

 :: Spring Boot ::                (v4.0.1)

2026-01-12T21:44:58.432+01:00  INFO 59120 --- [chatService] [           main] o.e.chatservice.ChatServiceApplication   : Starting ChatServiceApplication using Java 17.0.17 with PID 59120 (/Users/abderrahimdefaoui/Desktop/blood-donaiton-main/backend/chatService/target/classes started by abderrahimdefaoui in /Users/abderrahimdefaoui/Desktop/blood-donaiton-main/backend/chatService)
2026-01-12T21:44:58.435+01:00  INFO 59120 --- [chatService] [           main] o.e.chatservice.ChatServiceApplication   : No active profile set, falling back to 1 default profile: "default"
2026-01-12T21:44:59.102+01:00  INFO 59120 --- [chatService] [           main] .s.d.r.c.RepositoryConfigurationDelegate : Bootstrapping Spring Data JPA repositories in DEFAULT mode.
2026-01-12T21:44:59.218+01:00  INFO 59120 --- [chatService] [           main] .s.d.r.c.RepositoryConfigurationDelegate : Finished Spring Data repository scanning in 110 ms. Found 2 JPA repository interfaces.
2026-01-12T21:44:59.398+01:00  INFO 59120 --- [chatService] [           main] o.s.cloud.context.scope.GenericScope     : BeanFactory id=ef6ab0b3-86a7-3626-a146-3bffee7ecef7
2026-01-12T21:44:59.645+01:00  INFO 59120 --- [chatService] [           main] o.s.boot.tomcat.TomcatWebServer          : Tomcat initialized with port 9097 (http)
2026-01-12T21:44:59.653+01:00  INFO 59120 --- [chatService] [           main] o.apache.catalina.core.StandardService   : Starting service [Tomcat]
2026-01-12T21:44:59.653+01:00  INFO 59120 --- [chatService] [           main] o.apache.catalina.core.StandardEngine    : Starting Servlet engine: [Apache Tomcat/11.0.15]
2026-01-12T21:44:59.697+01:00  INFO 59120 --- [chatService] [           main] b.w.c.s.WebApplicationContextInitializer : Root WebApplicationContext: initialization completed in 1186 ms
2026-01-12T21:44:59.814+01:00  INFO 59120 --- [chatService] [           main] org.hibernate.orm.jpa                    : HHH008540: Processing PersistenceUnitInfo [name: default]
2026-01-12T21:44:59.853+01:00  INFO 59120 --- [chatService] [           main] org.hibernate.orm.core                   : HHH000001: Hibernate ORM core version 7.2.0.Final
2026-01-12T21:45:00.144+01:00  INFO 59120 --- [chatService] [           main] o.s.o.j.p.SpringPersistenceUnitInfo      : No LoadTimeWeaver setup: ignoring JPA class transformer
2026-01-12T21:45:00.170+01:00  INFO 59120 --- [chatService] [           main] com.zaxxer.hikari.HikariDataSource       : HikariPool-1 - Starting...
2026-01-12T21:45:00.416+01:00  INFO 59120 --- [chatService] [           main] com.zaxxer.hikari.pool.HikariPool        : HikariPool-1 - Added connection com.mysql.cj.jdbc.ConnectionImpl@1760e688
2026-01-12T21:45:00.418+01:00  INFO 59120 --- [chatService] [           main] com.zaxxer.hikari.HikariDataSource       : HikariPool-1 - Start completed.
2026-01-12T21:45:00.470+01:00  WARN 59120 --- [chatService] [           main] org.hibernate.orm.deprecation            : HHH90000025: MySQLDialect does not need to be specified explicitly using 'hibernate.dialect' (remove the property setting and it will be selected by default)
2026-01-12T21:45:00.482+01:00  INFO 59120 --- [chatService] [           main] org.hibernate.orm.connections.pooling    : HHH10001005: Database info:
	Database JDBC URL [jdbc:mysql://localhost:3306/chat_db?createDatabaseIfNotExist=true]
	Database driver: MySQL Connector/J
	Database dialect: MySQLDialect
	Database version: 8.0.44
	Default catalog/schema: chat_db/undefined
	Autocommit mode: undefined/unknown
	Isolation level: REPEATABLE_READ [default REPEATABLE_READ]
	JDBC fetch size: none
	Pool: DataSourceConnectionProvider
	Minimum pool size: undefined/unknown
	Maximum pool size: undefined/unknown
2026-01-12T21:45:01.145+01:00  INFO 59120 --- [chatService] [           main] org.hibernate.orm.core                   : HHH000489: No JTA platform available (set 'hibernate.transaction.jta.platform' to enable JTA platform integration)
2026-01-12T21:45:01.210+01:00  INFO 59120 --- [chatService] [           main] j.LocalContainerEntityManagerFactoryBean : Initialized JPA EntityManagerFactory for persistence unit 'default'
2026-01-12T21:45:01.261+01:00  INFO 59120 --- [chatService] [           main] o.s.d.j.r.query.QueryEnhancerFactories   : Hibernate is in classpath; If applicable, HQL parser will be used.
2026-01-12T21:45:01.734+01:00  WARN 59120 --- [chatService] [           main] JpaBaseConfiguration$JpaWebConfiguration : spring.jpa.open-in-view is enabled by default. Therefore, database queries may be performed during view rendering. Explicitly configure spring.jpa.open-in-view to disable this warning
2026-01-12T21:45:02.226+01:00  INFO 59120 --- [chatService] [           main] DiscoveryClientOptionalArgsConfiguration : Eureka HTTP Client uses RestClient.
2026-01-12T21:45:02.246+01:00  WARN 59120 --- [chatService] [           main] iguration$LoadBalancerCaffeineWarnLogger : Spring Cloud LoadBalancer is currently working with the default cache. While this cache implementation is useful for development and tests, it's recommended to use Caffeine cache in production.You can switch to using Caffeine cache, by adding it and org.springframework.cache.caffeine.CaffeineCacheManager to the classpath.
2026-01-12T21:45:02.286+01:00  INFO 59120 --- [chatService] [           main] o.s.boot.tomcat.TomcatWebServer          : Tomcat started on port 9097 (http) with context path '/'
2026-01-12T21:45:02.299+01:00  INFO 59120 --- [chatService] [           main] o.e.chatservice.ChatServiceApplication   : Started ChatServiceApplication in 4.275 seconds (process running for 4.826)
2026-01-12T21:46:32.778+01:00  INFO 59120 --- [chatService] [nio-9097-exec-1] o.a.c.c.C.[Tomcat].[localhost].[/]       : Initializing Spring DispatcherServlet 'dispatcherServlet'
2026-01-12T21:46:32.779+01:00  INFO 59120 --- [chatService] [nio-9097-exec-1] o.s.web.servlet.DispatcherServlet        : Initializing Servlet 'dispatcherServlet'
2026-01-12T21:46:32.782+01:00  INFO 59120 --- [chatService] [nio-9097-exec-1] o.s.web.servlet.DispatcherServlet        : Completed initialization in 3 ms
2026-01-12T21:46:32.818+01:00  INFO 59120 --- [chatService] [nio-9097-exec-1] o.e.c.Controller.ConversationController  : Request GET /conversations/user/5 - Fetching all conversations for user
2026-01-12T21:46:32.818+01:00  INFO 59120 --- [chatService] [nio-9097-exec-1] o.e.c.Service.ConversationService        : Fetching all conversations for user id: 5
Hibernate: select c1_0.id,c1_0.created_at,c1_0.last_message,c1_0.receiver_id,c1_0.sender_id from conversation c1_0 where c1_0.sender_id=? or c1_0.receiver_id=?
2026-01-12T21:46:32.903+01:00  INFO 59120 --- [chatService] [nio-9097-exec-1] o.e.c.Service.ConversationService        : Found 0 conversations for user id: 5
2026-01-12T21:55:32.527+01:00  INFO 59120 --- [chatService] [nio-9097-exec-3] o.e.c.Controller.ConversationController  : Request POST /conversations - Creating conversation with senderId: 2 and receiverId: 1
2026-01-12T21:55:32.528+01:00  INFO 59120 --- [chatService] [nio-9097-exec-3] o.e.c.Service.ConversationService        : Creating conversation with senderId: 2 and receiverId: 1
2026-01-12T21:55:32.528+01:00  INFO 59120 --- [chatService] [nio-9097-exec-3] o.e.c.Service.ConversationService        : Finding or creating conversation between senderId: 2 and receiverId: 1
Hibernate: select c1_0.id,c1_0.created_at,c1_0.last_message,c1_0.receiver_id,c1_0.sender_id from conversation c1_0 where (c1_0.sender_id=? and c1_0.receiver_id=?) or (c1_0.sender_id=? and c1_0.receiver_id=?)
Hibernate: select c1_0.id,c1_0.created_at,c1_0.last_message,c1_0.receiver_id,c1_0.sender_id from conversation c1_0 where (c1_0.sender_id=? and c1_0.receiver_id=?) or (c1_0.sender_id=? and c1_0.receiver_id=?)
2026-01-12T21:55:32.545+01:00  INFO 59120 --- [chatService] [nio-9097-exec-3] o.e.c.Service.ConversationService        : No existing conversation found, creating new one
Hibernate: insert into conversation (created_at,last_message,receiver_id,sender_id) values (?,?,?,?)
2026-01-12T21:55:32.592+01:00  INFO 59120 --- [chatService] [nio-9097-exec-3] o.e.c.Service.ConversationService        : Created new conversation with id: 1
2026-01-12T21:55:32.592+01:00  INFO 59120 --- [chatService] [nio-9097-exec-3] o.e.c.Service.ConversationService        : Conversation found or created with id: 1
2026-01-12T21:55:33.118+01:00  INFO 59120 --- [chatService] [nio-9097-exec-4] o.e.c.Controller.MessageController       : Request GET /messages/conversation/1 - Fetching all messages for conversation
2026-01-12T21:55:33.119+01:00  INFO 59120 --- [chatService] [nio-9097-exec-4] o.e.chatservice.Service.MessageService   : Fetching all messages for conversation id: 1
2026-01-12T21:55:33.126+01:00  INFO 59120 --- [chatService] [nio-9097-exec-5] o.e.c.Controller.ConversationController  : Request GET /conversations/user/2 - Fetching all conversations for user
2026-01-12T21:55:33.126+01:00  INFO 59120 --- [chatService] [nio-9097-exec-5] o.e.c.Service.ConversationService        : Fetching all conversations for user id: 2
Hibernate: select c1_0.id,c1_0.created_at,c1_0.last_message,c1_0.receiver_id,c1_0.sender_id from conversation c1_0 where c1_0.sender_id=? or c1_0.receiver_id=?
Hibernate: select c1_0.id,c1_0.created_at,c1_0.last_message,c1_0.receiver_id,c1_0.sender_id from conversation c1_0 where c1_0.id=?
2026-01-12T21:55:33.133+01:00  INFO 59120 --- [chatService] [nio-9097-exec-5] o.e.c.Service.ConversationService        : Found 1 conversations for user id: 2
Hibernate: select m1_0.id,m1_0.conversation_id,m1_0.created_at,m1_0.sender_role,m1_0.text from message m1_0 where m1_0.conversation_id=? order by m1_0.created_at
2026-01-12T21:55:33.201+01:00  INFO 59120 --- [chatService] [nio-9097-exec-4] o.e.chatservice.Service.MessageService   : Found 0 messages for conversation id: 1
2026-01-12T21:55:35.895+01:00  INFO 59120 --- [chatService] [nio-9097-exec-6] o.e.c.Controller.MessageController       : Request POST /messages - Creating message for conversation id: 1 with senderRole: user
2026-01-12T21:55:35.895+01:00  INFO 59120 --- [chatService] [nio-9097-exec-6] o.e.chatservice.Service.MessageService   : Creating message for conversation id: 1 with senderRole: user
Hibernate: select c1_0.id,c1_0.created_at,c1_0.last_message,c1_0.receiver_id,c1_0.sender_id from conversation c1_0 where c1_0.id=?
Hibernate: insert into message (conversation_id,created_at,sender_role,text) values (?,?,?,?)
2026-01-12T21:55:35.923+01:00  INFO 59120 --- [chatService] [nio-9097-exec-6] o.e.chatservice.Service.MessageService   : Message created successfully with id: 1 in conversation id: 1
Hibernate: update conversation set created_at=?,last_message=?,receiver_id=?,sender_id=? where id=?
2026-01-12T21:55:35.983+01:00  INFO 59120 --- [chatService] [nio-9097-exec-7] o.e.c.Controller.MessageController       : Request GET /messages/conversation/1 - Fetching all messages for conversation
2026-01-12T21:55:35.984+01:00  INFO 59120 --- [chatService] [nio-9097-exec-7] o.e.chatservice.Service.MessageService   : Fetching all messages for conversation id: 1
Hibernate: select c1_0.id,c1_0.created_at,c1_0.last_message,c1_0.receiver_id,c1_0.sender_id from conversation c1_0 where c1_0.id=?
2026-01-12T21:55:35.988+01:00  INFO 59120 --- [chatService] [nio-9097-exec-8] o.e.c.Controller.ConversationController  : Request GET /conversations/user/2 - Fetching all conversations for user
2026-01-12T21:55:35.988+01:00  INFO 59120 --- [chatService] [nio-9097-exec-8] o.e.c.Service.ConversationService        : Fetching all conversations for user id: 2
Hibernate: select c1_0.id,c1_0.created_at,c1_0.last_message,c1_0.receiver_id,c1_0.sender_id from conversation c1_0 where c1_0.sender_id=? or c1_0.receiver_id=?
2026-01-12T21:55:35.993+01:00  INFO 59120 --- [chatService] [nio-9097-exec-8] o.e.c.Service.ConversationService        : Found 1 conversations for user id: 2
Hibernate: select m1_0.id,m1_0.conversation_id,m1_0.created_at,m1_0.sender_role,m1_0.text from message m1_0 where m1_0.conversation_id=? order by m1_0.created_at
2026-01-12T21:55:35.995+01:00  INFO 59120 --- [chatService] [nio-9097-exec-7] o.e.chatservice.Service.MessageService   : Found 1 messages for conversation id: 1
2026-01-12T21:55:54.762+01:00  INFO 59120 --- [chatService] [nio-9097-exec-9] o.e.c.Controller.ConversationController  : Request GET /conversations/user/1 - Fetching all conversations for user
2026-01-12T21:55:54.763+01:00  INFO 59120 --- [chatService] [nio-9097-exec-9] o.e.c.Service.ConversationService        : Fetching all conversations for user id: 1
Hibernate: select c1_0.id,c1_0.created_at,c1_0.last_message,c1_0.receiver_id,c1_0.sender_id from conversation c1_0 where c1_0.sender_id=? or c1_0.receiver_id=?
2026-01-12T21:55:54.769+01:00  INFO 59120 --- [chatService] [nio-9097-exec-9] o.e.c.Service.ConversationService        : Found 1 conversations for user id: 1
2026-01-12T21:55:58.186+01:00  INFO 59120 --- [chatService] [io-9097-exec-10] o.e.c.Controller.MessageController       : Request GET /messages/conversation/1 - Fetching all messages for conversation
2026-01-12T21:55:58.186+01:00  INFO 59120 --- [chatService] [io-9097-exec-10] o.e.chatservice.Service.MessageService   : Fetching all messages for conversation id: 1
Hibernate: select c1_0.id,c1_0.created_at,c1_0.last_message,c1_0.receiver_id,c1_0.sender_id from conversation c1_0 where c1_0.id=?
Hibernate: select m1_0.id,m1_0.conversation_id,m1_0.created_at,m1_0.sender_role,m1_0.text from message m1_0 where m1_0.conversation_id=? order by m1_0.created_at
2026-01-12T21:55:58.201+01:00  INFO 59120 --- [chatService] [io-9097-exec-10] o.e.chatservice.Service.MessageService   : Found 1 messages for conversation id: 1
2026-01-12T21:55:59.985+01:00  INFO 59120 --- [chatService] [nio-9097-exec-1] o.e.c.Controller.MessageController       : Request POST /messages - Creating message for conversation id: 1 with senderRole: hospital
2026-01-12T21:55:59.985+01:00  INFO 59120 --- [chatService] [nio-9097-exec-1] o.e.chatservice.Service.MessageService   : Creating message for conversation id: 1 with senderRole: hospital
Hibernate: select c1_0.id,c1_0.created_at,c1_0.last_message,c1_0.receiver_id,c1_0.sender_id from conversation c1_0 where c1_0.id=?
Hibernate: insert into message (conversation_id,created_at,sender_role,text) values (?,?,?,?)
2026-01-12T21:56:00.011+01:00  INFO 59120 --- [chatService] [nio-9097-exec-1] o.e.chatservice.Service.MessageService   : Message created successfully with id: 2 in conversation id: 1
Hibernate: update conversation set created_at=?,last_message=?,receiver_id=?,sender_id=? where id=?
2026-01-12T21:56:00.062+01:00  INFO 59120 --- [chatService] [nio-9097-exec-2] o.e.c.Controller.MessageController       : Request GET /messages/conversation/1 - Fetching all messages for conversation
2026-01-12T21:56:00.062+01:00  INFO 59120 --- [chatService] [nio-9097-exec-2] o.e.chatservice.Service.MessageService   : Fetching all messages for conversation id: 1
Hibernate: select c1_0.id,c1_0.created_at,c1_0.last_message,c1_0.receiver_id,c1_0.sender_id from conversation c1_0 where c1_0.id=?
Hibernate: select m1_0.id,m1_0.conversation_id,m1_0.created_at,m1_0.sender_role,m1_0.text from message m1_0 where m1_0.conversation_id=? order by m1_0.created_at
2026-01-12T21:56:00.070+01:00  INFO 59120 --- [chatService] [nio-9097-exec-2] o.e.chatservice.Service.MessageService   : Found 2 messages for conversation id: 1
2026-01-12T21:56:00.073+01:00  INFO 59120 --- [chatService] [nio-9097-exec-3] o.e.c.Controller.ConversationController  : Request GET /conversations/user/1 - Fetching all conversations for user
2026-01-12T21:56:00.073+01:00  INFO 59120 --- [chatService] [nio-9097-exec-3] o.e.c.Service.ConversationService        : Fetching all conversations for user id: 1
Hibernate: select c1_0.id,c1_0.created_at,c1_0.last_message,c1_0.receiver_id,c1_0.sender_id from conversation c1_0 where c1_0.sender_id=? or c1_0.receiver_id=?
2026-01-12T21:56:00.075+01:00  INFO 59120 --- [chatService] [nio-9097-exec-3] o.e.c.Service.ConversationService        : Found 1 conversations for user id: 1
2026-01-12T21:56:00.150+01:00  INFO 59120 --- [chatService] [nio-9097-exec-5] o.e.c.Controller.MessageController       : Request GET /messages/conversation/1 - Fetching all messages for conversation
2026-01-12T21:56:00.150+01:00  INFO 59120 --- [chatService] [nio-9097-exec-5] o.e.chatservice.Service.MessageService   : Fetching all messages for conversation id: 1
Hibernate: select c1_0.id,c1_0.created_at,c1_0.last_message,c1_0.receiver_id,c1_0.sender_id from conversation c1_0 where c1_0.id=?
2026-01-12T21:56:00.155+01:00  INFO 59120 --- [chatService] [nio-9097-exec-4] o.e.c.Controller.ConversationController  : Request GET /conversations/user/2 - Fetching all conversations for user
2026-01-12T21:56:00.155+01:00  INFO 59120 --- [chatService] [nio-9097-exec-4] o.e.c.Service.ConversationService        : Fetching all conversations for user id: 2
Hibernate: select c1_0.id,c1_0.created_at,c1_0.last_message,c1_0.receiver_id,c1_0.sender_id from conversation c1_0 where c1_0.sender_id=? or c1_0.receiver_id=?
2026-01-12T21:56:00.157+01:00  INFO 59120 --- [chatService] [nio-9097-exec-4] o.e.c.Service.ConversationService        : Found 1 conversations for user id: 2
Hibernate: select m1_0.id,m1_0.conversation_id,m1_0.created_at,m1_0.sender_role,m1_0.text from message m1_0 where m1_0.conversation_id=? order by m1_0.created_at
2026-01-12T21:56:00.161+01:00  INFO 59120 --- [chatService] [nio-9097-exec-5] o.e.chatservice.Service.MessageService   : Found 2 messages for conversation id: 1
2026-01-12T21:56:01.914+01:00  INFO 59120 --- [chatService] [nio-9097-exec-6] o.e.c.Controller.MessageController       : Request POST /messages - Creating message for conversation id: 1 with senderRole: hospital
2026-01-12T21:56:01.915+01:00  INFO 59120 --- [chatService] [nio-9097-exec-6] o.e.chatservice.Service.MessageService   : Creating message for conversation id: 1 with senderRole: hospital
Hibernate: select c1_0.id,c1_0.created_at,c1_0.last_message,c1_0.receiver_id,c1_0.sender_id from conversation c1_0 where c1_0.id=?
Hibernate: insert into message (conversation_id,created_at,sender_role,text) values (?,?,?,?)
2026-01-12T21:56:01.944+01:00  INFO 59120 --- [chatService] [nio-9097-exec-6] o.e.chatservice.Service.MessageService   : Message created successfully with id: 3 in conversation id: 1
Hibernate: update conversation set created_at=?,last_message=?,receiver_id=?,sender_id=? where id=?
2026-01-12T21:56:02.000+01:00  INFO 59120 --- [chatService] [nio-9097-exec-7] o.e.c.Controller.MessageController       : Request GET /messages/conversation/1 - Fetching all messages for conversation
2026-01-12T21:56:02.000+01:00  INFO 59120 --- [chatService] [nio-9097-exec-7] o.e.chatservice.Service.MessageService   : Fetching all messages for conversation id: 1
Hibernate: select c1_0.id,c1_0.created_at,c1_0.last_message,c1_0.receiver_id,c1_0.sender_id from conversation c1_0 where c1_0.id=?
Hibernate: select m1_0.id,m1_0.conversation_id,m1_0.created_at,m1_0.sender_role,m1_0.text from message m1_0 where m1_0.conversation_id=? order by m1_0.created_at
2026-01-12T21:56:02.007+01:00  INFO 59120 --- [chatService] [nio-9097-exec-8] o.e.c.Controller.ConversationController  : Request GET /conversations/user/1 - Fetching all conversations for user
2026-01-12T21:56:02.007+01:00  INFO 59120 --- [chatService] [nio-9097-exec-8] o.e.c.Service.ConversationService        : Fetching all conversations for user id: 1
Hibernate: select c1_0.id,c1_0.created_at,c1_0.last_message,c1_0.receiver_id,c1_0.sender_id from conversation c1_0 where c1_0.sender_id=? or c1_0.receiver_id=?
2026-01-12T21:56:02.008+01:00  INFO 59120 --- [chatService] [nio-9097-exec-7] o.e.chatservice.Service.MessageService   : Found 3 messages for conversation id: 1
2026-01-12T21:56:02.010+01:00  INFO 59120 --- [chatService] [nio-9097-exec-8] o.e.c.Service.ConversationService        : Found 1 conversations for user id: 1
2026-01-12T21:56:02.082+01:00  INFO 59120 --- [chatService] [nio-9097-exec-9] o.e.c.Controller.MessageController       : Request GET /messages/conversation/1 - Fetching all messages for conversation
2026-01-12T21:56:02.082+01:00  INFO 59120 --- [chatService] [nio-9097-exec-9] o.e.chatservice.Service.MessageService   : Fetching all messages for conversation id: 1
Hibernate: select c1_0.id,c1_0.created_at,c1_0.last_message,c1_0.receiver_id,c1_0.sender_id from conversation c1_0 where c1_0.id=?
2026-01-12T21:56:02.087+01:00  INFO 59120 --- [chatService] [io-9097-exec-10] o.e.c.Controller.ConversationController  : Request GET /conversations/user/2 - Fetching all conversations for user
2026-01-12T21:56:02.087+01:00  INFO 59120 --- [chatService] [io-9097-exec-10] o.e.c.Service.ConversationService        : Fetching all conversations for user id: 2
Hibernate: select c1_0.id,c1_0.created_at,c1_0.last_message,c1_0.receiver_id,c1_0.sender_id from conversation c1_0 where c1_0.sender_id=? or c1_0.receiver_id=?
2026-01-12T21:56:02.089+01:00  INFO 59120 --- [chatService] [io-9097-exec-10] o.e.c.Service.ConversationService        : Found 1 conversations for user id: 2
Hibernate: select m1_0.id,m1_0.conversation_id,m1_0.created_at,m1_0.sender_role,m1_0.text from message m1_0 where m1_0.conversation_id=? order by m1_0.created_at
2026-01-12T21:56:02.091+01:00  INFO 59120 --- [chatService] [nio-9097-exec-9] o.e.chatservice.Service.MessageService   : Found 3 messages for conversation id: 1
2026-01-12T21:56:34.125+01:00  INFO 59120 --- [chatService] [nio-9097-exec-1] o.e.c.Controller.ConversationController  : Request POST /conversations - Creating conversation with senderId: 2 and receiverId: 1
2026-01-12T21:56:34.127+01:00  INFO 59120 --- [chatService] [nio-9097-exec-1] o.e.c.Service.ConversationService        : Creating conversation with senderId: 2 and receiverId: 1
2026-01-12T21:56:34.127+01:00  INFO 59120 --- [chatService] [nio-9097-exec-1] o.e.c.Service.ConversationService        : Finding or creating conversation between senderId: 2 and receiverId: 1
Hibernate: select c1_0.id,c1_0.created_at,c1_0.last_message,c1_0.receiver_id,c1_0.sender_id from conversation c1_0 where (c1_0.sender_id=? and c1_0.receiver_id=?) or (c1_0.sender_id=? and c1_0.receiver_id=?)
2026-01-12T21:56:34.133+01:00  INFO 59120 --- [chatService] [nio-9097-exec-1] o.e.c.Service.ConversationService        : Found existing conversation with id: 1
2026-01-12T21:56:34.133+01:00  INFO 59120 --- [chatService] [nio-9097-exec-1] o.e.c.Service.ConversationService        : Conversation found or created with id: 1
2026-01-12T21:56:34.221+01:00  INFO 59120 --- [chatService] [nio-9097-exec-2] o.e.c.Controller.MessageController       : Request GET /messages/conversation/1 - Fetching all messages for conversation
2026-01-12T21:56:34.221+01:00  INFO 59120 --- [chatService] [nio-9097-exec-2] o.e.chatservice.Service.MessageService   : Fetching all messages for conversation id: 1
Hibernate: select c1_0.id,c1_0.created_at,c1_0.last_message,c1_0.receiver_id,c1_0.sender_id from conversation c1_0 where c1_0.id=?
2026-01-12T21:56:34.229+01:00  INFO 59120 --- [chatService] [nio-9097-exec-3] o.e.c.Controller.ConversationController  : Request GET /conversations/user/2 - Fetching all conversations for user
2026-01-12T21:56:34.229+01:00  INFO 59120 --- [chatService] [nio-9097-exec-3] o.e.c.Service.ConversationService        : Fetching all conversations for user id: 2
Hibernate: select c1_0.id,c1_0.created_at,c1_0.last_message,c1_0.receiver_id,c1_0.sender_id from conversation c1_0 where c1_0.sender_id=? or c1_0.receiver_id=?
Hibernate: select m1_0.id,m1_0.conversation_id,m1_0.created_at,m1_0.sender_role,m1_0.text from message m1_0 where m1_0.conversation_id=? order by m1_0.created_at
2026-01-12T21:56:34.232+01:00  INFO 59120 --- [chatService] [nio-9097-exec-2] o.e.chatservice.Service.MessageService   : Found 3 messages for conversation id: 1
2026-01-12T21:56:34.232+01:00  INFO 59120 --- [chatService] [nio-9097-exec-3] o.e.c.Service.ConversationService        : Found 1 conversations for user id: 2
2026-01-12T21:56:38.449+01:00  INFO 59120 --- [chatService] [nio-9097-exec-5] o.e.c.Controller.ConversationController  : Request POST /conversations - Creating conversation with senderId: 2 and receiverId: 1
2026-01-12T21:56:38.449+01:00  INFO 59120 --- [chatService] [nio-9097-exec-5] o.e.c.Service.ConversationService        : Creating conversation with senderId: 2 and receiverId: 1
2026-01-12T21:56:38.449+01:00  INFO 59120 --- [chatService] [nio-9097-exec-5] o.e.c.Service.ConversationService        : Finding or creating conversation between senderId: 2 and receiverId: 1
Hibernate: select c1_0.id,c1_0.created_at,c1_0.last_message,c1_0.receiver_id,c1_0.sender_id from conversation c1_0 where (c1_0.sender_id=? and c1_0.receiver_id=?) or (c1_0.sender_id=? and c1_0.receiver_id=?)
2026-01-12T21:56:38.453+01:00  INFO 59120 --- [chatService] [nio-9097-exec-5] o.e.c.Service.ConversationService        : Found existing conversation with id: 1
2026-01-12T21:56:38.454+01:00  INFO 59120 --- [chatService] [nio-9097-exec-5] o.e.c.Service.ConversationService        : Conversation found or created with id: 1
2026-01-12T21:56:38.563+01:00  INFO 59120 --- [chatService] [nio-9097-exec-6] o.e.c.Controller.MessageController       : Request GET /messages/conversation/1 - Fetching all messages for conversation
2026-01-12T21:56:38.563+01:00  INFO 59120 --- [chatService] [nio-9097-exec-6] o.e.chatservice.Service.MessageService   : Fetching all messages for conversation id: 1
2026-01-12T21:56:38.563+01:00  INFO 59120 --- [chatService] [nio-9097-exec-4] o.e.c.Controller.ConversationController  : Request GET /conversations/user/2 - Fetching all conversations for user
2026-01-12T21:56:38.563+01:00  INFO 59120 --- [chatService] [nio-9097-exec-4] o.e.c.Service.ConversationService        : Fetching all conversations for user id: 2
Hibernate: select c1_0.id,c1_0.created_at,c1_0.last_message,c1_0.receiver_id,c1_0.sender_id from conversation c1_0 where c1_0.sender_id=? or c1_0.receiver_id=?
2026-01-12T21:56:38.566+01:00  INFO 59120 --- [chatService] [nio-9097-exec-4] o.e.c.Service.ConversationService        : Found 1 conversations for user id: 2
Hibernate: select c1_0.id,c1_0.created_at,c1_0.last_message,c1_0.receiver_id,c1_0.sender_id from conversation c1_0 where c1_0.id=?
Hibernate: select m1_0.id,m1_0.conversation_id,m1_0.created_at,m1_0.sender_role,m1_0.text from message m1_0 where m1_0.conversation_id=? order by m1_0.created_at
2026-01-12T21:56:38.574+01:00  INFO 59120 --- [chatService] [nio-9097-exec-6] o.e.chatservice.Service.MessageService   : Found 3 messages for conversation id: 1
2026-01-12T21:58:08.257+01:00  INFO 59120 --- [chatService] [nio-9097-exec-9] o.e.c.Controller.ConversationController  : Request POST /conversations - Creating conversation with senderId: 2 and receiverId: 1
2026-01-12T21:58:08.259+01:00  INFO 59120 --- [chatService] [nio-9097-exec-9] o.e.c.Service.ConversationService        : Creating conversation with senderId: 2 and receiverId: 1
2026-01-12T21:58:08.259+01:00  INFO 59120 --- [chatService] [nio-9097-exec-9] o.e.c.Service.ConversationService        : Finding or creating conversation between senderId: 2 and receiverId: 1
Hibernate: select c1_0.id,c1_0.created_at,c1_0.last_message,c1_0.receiver_id,c1_0.sender_id from conversation c1_0 where (c1_0.sender_id=? and c1_0.receiver_id=?) or (c1_0.sender_id=? and c1_0.receiver_id=?)
2026-01-12T21:58:08.270+01:00  INFO 59120 --- [chatService] [nio-9097-exec-9] o.e.c.Service.ConversationService        : Found existing conversation with id: 1
2026-01-12T21:58:08.271+01:00  INFO 59120 --- [chatService] [nio-9097-exec-9] o.e.c.Service.ConversationService        : Conversation found or created with id: 1
2026-01-12T21:58:08.350+01:00  INFO 59120 --- [chatService] [io-9097-exec-10] o.e.c.Controller.MessageController       : Request GET /messages/conversation/1 - Fetching all messages for conversation
2026-01-12T21:58:08.350+01:00  INFO 59120 --- [chatService] [io-9097-exec-10] o.e.chatservice.Service.MessageService   : Fetching all messages for conversation id: 1
Hibernate: select c1_0.id,c1_0.created_at,c1_0.last_message,c1_0.receiver_id,c1_0.sender_id from conversation c1_0 where c1_0.id=?
2026-01-12T21:58:08.358+01:00  INFO 59120 --- [chatService] [nio-9097-exec-1] o.e.c.Controller.ConversationController  : Request GET /conversations/user/2 - Fetching all conversations for user
2026-01-12T21:58:08.358+01:00  INFO 59120 --- [chatService] [nio-9097-exec-1] o.e.c.Service.ConversationService        : Fetching all conversations for user id: 2
Hibernate: select c1_0.id,c1_0.created_at,c1_0.last_message,c1_0.receiver_id,c1_0.sender_id from conversation c1_0 where c1_0.sender_id=? or c1_0.receiver_id=?
2026-01-12T21:58:08.361+01:00  INFO 59120 --- [chatService] [nio-9097-exec-1] o.e.c.Service.ConversationService        : Found 1 conversations for user id: 2
Hibernate: select m1_0.id,m1_0.conversation_id,m1_0.created_at,m1_0.sender_role,m1_0.text from message m1_0 where m1_0.conversation_id=? order by m1_0.created_at
2026-01-12T21:58:08.363+01:00  INFO 59120 --- [chatService] [io-9097-exec-10] o.e.chatservice.Service.MessageService   : Found 3 messages for conversation id: 1
