[INFO] Scanning for projects...
[INFO] 
[INFO] ----------------------< com.app:hospitalService >-----------------------
[INFO] Building hospitalService 0.0.1-SNAPSHOT
[INFO]   from pom.xml
[INFO] --------------------------------[ jar ]---------------------------------
[INFO] 
[INFO] >>> spring-boot:4.0.0:run (default-cli) > test-compile @ hospitalService >>>
[INFO] 
[INFO] --- resources:3.3.1:resources (default-resources) @ hospitalService ---
[INFO] Copying 1 resource from src/main/resources to target/classes
[INFO] Copying 0 resource from src/main/resources to target/classes
[INFO] 
[INFO] --- compiler:3.14.1:compile (default-compile) @ hospitalService ---
[INFO] Nothing to compile - all classes are up to date.
[INFO] 
[INFO] --- resources:3.3.1:testResources (default-testResources) @ hospitalService ---
[INFO] skip non existing resourceDirectory /Users/abderrahimdefaoui/Desktop/blood-donaiton-main/backend/hospitalService/src/test/resources
[INFO] 
[INFO] --- compiler:3.14.1:testCompile (default-testCompile) @ hospitalService ---
[INFO] Nothing to compile - all classes are up to date.
[INFO] 
[INFO] <<< spring-boot:4.0.0:run (default-cli) < test-compile @ hospitalService <<<
[INFO] 
[INFO] 
[INFO] --- spring-boot:4.0.0:run (default-cli) @ hospitalService ---
[INFO] Attaching agents: []

  .   ____          _            __ _ _
 /\\ / ___'_ __ _ _(_)_ __  __ _ \ \ \ \
( ( )\___ | '_ | '_| | '_ \/ _` | \ \ \ \
 \\/  ___)| |_)| | | | | || (_| |  ) ) ) )
  '  |____| .__|_| |_|_| |_\__, | / / / /
 =========|_|==============|___/=/_/_/_/

 :: Spring Boot ::                (v4.0.0)

2025-12-19T23:24:56.488+01:00  INFO 38496 --- [hospitalService] [  restartedMain] c.a.h.HospitalServiceApplication         : Starting HospitalServiceApplication using Java 17.0.17 with PID 38496 (/Users/abderrahimdefaoui/Desktop/blood-donaiton-main/backend/hospitalService/target/classes started by abderrahimdefaoui in /Users/abderrahimdefaoui/Desktop/blood-donaiton-main/backend/hospitalService)
2025-12-19T23:24:56.490+01:00  INFO 38496 --- [hospitalService] [  restartedMain] c.a.h.HospitalServiceApplication         : No active profile set, falling back to 1 default profile: "default"
2025-12-19T23:24:56.530+01:00  INFO 38496 --- [hospitalService] [  restartedMain] .e.DevToolsPropertyDefaultsPostProcessor : Devtools property defaults active! Set 'spring.devtools.add-properties' to 'false' to disable
2025-12-19T23:24:56.531+01:00  INFO 38496 --- [hospitalService] [  restartedMain] .e.DevToolsPropertyDefaultsPostProcessor : For additional web related logging consider setting the 'logging.level.web' property to 'DEBUG'
2025-12-19T23:24:57.061+01:00  INFO 38496 --- [hospitalService] [  restartedMain] .s.d.r.c.RepositoryConfigurationDelegate : Bootstrapping Spring Data JPA repositories in DEFAULT mode.
2025-12-19T23:24:57.175+01:00  INFO 38496 --- [hospitalService] [  restartedMain] .s.d.r.c.RepositoryConfigurationDelegate : Finished Spring Data repository scanning in 108 ms. Found 1 JPA repository interface.
2025-12-19T23:24:57.393+01:00  INFO 38496 --- [hospitalService] [  restartedMain] o.s.cloud.context.scope.GenericScope     : BeanFactory id=879bd3f6-c5f0-3705-9460-5e6de3b3a15a
2025-12-19T23:24:57.682+01:00  INFO 38496 --- [hospitalService] [  restartedMain] o.s.boot.tomcat.TomcatWebServer          : Tomcat initialized with port 9093 (http)
2025-12-19T23:24:57.691+01:00  INFO 38496 --- [hospitalService] [  restartedMain] o.apache.catalina.core.StandardService   : Starting service [Tomcat]
2025-12-19T23:24:57.692+01:00  INFO 38496 --- [hospitalService] [  restartedMain] o.apache.catalina.core.StandardEngine    : Starting Servlet engine: [Apache Tomcat/11.0.14]
2025-12-19T23:24:57.721+01:00  INFO 38496 --- [hospitalService] [  restartedMain] b.w.c.s.WebApplicationContextInitializer : Root WebApplicationContext: initialization completed in 1189 ms
2025-12-19T23:24:57.826+01:00  INFO 38496 --- [hospitalService] [  restartedMain] o.hibernate.jpa.internal.util.LogHelper  : HHH000204: Processing PersistenceUnitInfo [name: default]
2025-12-19T23:24:57.863+01:00  INFO 38496 --- [hospitalService] [  restartedMain] org.hibernate.Version                    : HHH000412: Hibernate ORM core version 7.1.8.Final
2025-12-19T23:24:58.123+01:00  INFO 38496 --- [hospitalService] [  restartedMain] o.s.o.j.p.SpringPersistenceUnitInfo      : No LoadTimeWeaver setup: ignoring JPA class transformer
2025-12-19T23:24:58.147+01:00  INFO 38496 --- [hospitalService] [  restartedMain] com.zaxxer.hikari.HikariDataSource       : HikariPool-1 - Starting...
2025-12-19T23:24:58.358+01:00  INFO 38496 --- [hospitalService] [  restartedMain] com.zaxxer.hikari.pool.HikariPool        : HikariPool-1 - Added connection com.mysql.cj.jdbc.ConnectionImpl@18571bb7
2025-12-19T23:24:58.358+01:00  INFO 38496 --- [hospitalService] [  restartedMain] com.zaxxer.hikari.HikariDataSource       : HikariPool-1 - Start completed.
2025-12-19T23:24:58.401+01:00  WARN 38496 --- [hospitalService] [  restartedMain] org.hibernate.orm.deprecation            : HHH90000025: MySQLDialect does not need to be specified explicitly using 'hibernate.dialect' (remove the property setting and it will be selected by default)
2025-12-19T23:24:58.411+01:00  INFO 38496 --- [hospitalService] [  restartedMain] org.hibernate.orm.connections.pooling    : HHH10001005: Database info:
	Database JDBC URL [jdbc:mysql://localhost:3306/hospital_db?createDatabaseIfNotExist=true]
	Database driver: MySQL Connector/J
	Database dialect: MySQLDialect
	Database version: 8.0.44
	Default catalog/schema: hospital_db/undefined
	Autocommit mode: undefined/unknown
	Isolation level: REPEATABLE_READ [default REPEATABLE_READ]
	JDBC fetch size: none
	Pool: DatasourceConnectionProviderImpl
	Minimum pool size: undefined/unknown
	Maximum pool size: undefined/unknown
2025-12-19T23:24:58.996+01:00  INFO 38496 --- [hospitalService] [  restartedMain] o.h.e.t.j.p.i.JtaPlatformInitiator       : HHH000489: No JTA platform available (set 'hibernate.transaction.jta.platform' to enable JTA platform integration)
2025-12-19T23:24:59.038+01:00  INFO 38496 --- [hospitalService] [  restartedMain] j.LocalContainerEntityManagerFactoryBean : Initialized JPA EntityManagerFactory for persistence unit 'default'
2025-12-19T23:24:59.084+01:00  INFO 38496 --- [hospitalService] [  restartedMain] o.s.d.j.r.query.QueryEnhancerFactories   : Hibernate is in classpath; If applicable, HQL parser will be used.
2025-12-19T23:24:59.158+01:00  WARN 38496 --- [hospitalService] [  restartedMain] JpaBaseConfiguration$JpaWebConfiguration : spring.jpa.open-in-view is enabled by default. Therefore, database queries may be performed during view rendering. Explicitly configure spring.jpa.open-in-view to disable this warning
2025-12-19T23:24:59.485+01:00  INFO 38496 --- [hospitalService] [  restartedMain] DiscoveryClientOptionalArgsConfiguration : Eureka HTTP Client uses RestClient.
2025-12-19T23:24:59.574+01:00  WARN 38496 --- [hospitalService] [  restartedMain] iguration$LoadBalancerCaffeineWarnLogger : Spring Cloud LoadBalancer is currently working with the default cache. While this cache implementation is useful for development and tests, it's recommended to use Caffeine cache in production.You can switch to using Caffeine cache, by adding it and org.springframework.cache.caffeine.CaffeineCacheManager to the classpath.
2025-12-19T23:24:59.598+01:00  INFO 38496 --- [hospitalService] [  restartedMain] o.s.c.n.eureka.InstanceInfoFactory       : Setting initial instance status as: STARTING
2025-12-19T23:24:59.612+01:00  INFO 38496 --- [hospitalService] [  restartedMain] com.netflix.discovery.DiscoveryClient    : Initializing Eureka in region us-east-1
2025-12-19T23:24:59.614+01:00  INFO 38496 --- [hospitalService] [  restartedMain] c.n.d.s.r.aws.ConfigClusterResolver      : Resolving eureka endpoints via configuration
2025-12-19T23:24:59.619+01:00  INFO 38496 --- [hospitalService] [  restartedMain] com.netflix.discovery.DiscoveryClient    : Disable delta property : false
2025-12-19T23:24:59.619+01:00  INFO 38496 --- [hospitalService] [  restartedMain] com.netflix.discovery.DiscoveryClient    : Single vip registry refresh property : null
2025-12-19T23:24:59.619+01:00  INFO 38496 --- [hospitalService] [  restartedMain] com.netflix.discovery.DiscoveryClient    : Force full registry fetch : false
2025-12-19T23:24:59.619+01:00  INFO 38496 --- [hospitalService] [  restartedMain] com.netflix.discovery.DiscoveryClient    : Application is null : false
2025-12-19T23:24:59.619+01:00  INFO 38496 --- [hospitalService] [  restartedMain] com.netflix.discovery.DiscoveryClient    : Registered Applications size is zero : true
2025-12-19T23:24:59.619+01:00  INFO 38496 --- [hospitalService] [  restartedMain] com.netflix.discovery.DiscoveryClient    : Application version is -1: true
2025-12-19T23:24:59.619+01:00  INFO 38496 --- [hospitalService] [  restartedMain] com.netflix.discovery.DiscoveryClient    : Getting all instance registry info from the eureka server
2025-12-19T23:24:59.908+01:00  INFO 38496 --- [hospitalService] [  restartedMain] com.netflix.discovery.DiscoveryClient    : The response status is 200
2025-12-19T23:24:59.910+01:00  INFO 38496 --- [hospitalService] [  restartedMain] com.netflix.discovery.DiscoveryClient    : Starting heartbeat executor: renew interval is: 30
2025-12-19T23:24:59.911+01:00  INFO 38496 --- [hospitalService] [  restartedMain] c.n.discovery.InstanceInfoReplicator     : InstanceInfoReplicator onDemand update allowed rate per min is 4
2025-12-19T23:24:59.912+01:00  INFO 38496 --- [hospitalService] [  restartedMain] com.netflix.discovery.DiscoveryClient    : Discovery Client initialized at timestamp 1766183099911 with initial instances count: 0
2025-12-19T23:24:59.914+01:00  INFO 38496 --- [hospitalService] [  restartedMain] o.s.c.n.e.s.EurekaServiceRegistry        : Registering application HOSPITALSERVICE with eureka with status UP
2025-12-19T23:24:59.914+01:00  INFO 38496 --- [hospitalService] [  restartedMain] com.netflix.discovery.DiscoveryClient    : Saw local status change event StatusChangeEvent [timestamp=1766183099914, current=UP, previous=STARTING]
2025-12-19T23:24:59.915+01:00  INFO 38496 --- [hospitalService] [foReplicator-%d] com.netflix.discovery.DiscoveryClient    : DiscoveryClient_HOSPITALSERVICE/192.168.1.2:hospitalService:9093: registering service...
2025-12-19T23:24:59.924+01:00  INFO 38496 --- [hospitalService] [  restartedMain] o.s.boot.tomcat.TomcatWebServer          : Tomcat started on port 9093 (http) with context path '/'
2025-12-19T23:24:59.925+01:00  INFO 38496 --- [hospitalService] [  restartedMain] .s.c.n.e.s.EurekaAutoServiceRegistration : Updating port to 9093
2025-12-19T23:24:59.934+01:00  INFO 38496 --- [hospitalService] [  restartedMain] c.a.h.HospitalServiceApplication         : Started HospitalServiceApplication in 3.766 seconds (process running for 4.217)
2025-12-19T23:25:00.042+01:00  INFO 38496 --- [hospitalService] [foReplicator-%d] com.netflix.discovery.DiscoveryClient    : DiscoveryClient_HOSPITALSERVICE/192.168.1.2:hospitalService:9093 - registration status: 204
2025-12-19T23:25:29.916+01:00  INFO 38496 --- [hospitalService] [reshExecutor-%d] com.netflix.discovery.DiscoveryClient    : Disable delta property : false
2025-12-19T23:25:29.920+01:00  INFO 38496 --- [hospitalService] [reshExecutor-%d] com.netflix.discovery.DiscoveryClient    : Single vip registry refresh property : null
2025-12-19T23:25:29.921+01:00  INFO 38496 --- [hospitalService] [reshExecutor-%d] com.netflix.discovery.DiscoveryClient    : Force full registry fetch : false
2025-12-19T23:25:29.921+01:00  INFO 38496 --- [hospitalService] [reshExecutor-%d] com.netflix.discovery.DiscoveryClient    : Application is null : false
2025-12-19T23:25:29.921+01:00  INFO 38496 --- [hospitalService] [reshExecutor-%d] com.netflix.discovery.DiscoveryClient    : Registered Applications size is zero : true
2025-12-19T23:25:29.921+01:00  INFO 38496 --- [hospitalService] [reshExecutor-%d] com.netflix.discovery.DiscoveryClient    : Application version is -1: false
2025-12-19T23:25:29.921+01:00  INFO 38496 --- [hospitalService] [reshExecutor-%d] com.netflix.discovery.DiscoveryClient    : Getting all instance registry info from the eureka server
2025-12-19T23:25:29.939+01:00  INFO 38496 --- [hospitalService] [reshExecutor-%d] com.netflix.discovery.DiscoveryClient    : The response status is 200
2025-12-19T23:25:59.947+01:00  INFO 38496 --- [hospitalService] [reshExecutor-%d] com.netflix.discovery.DiscoveryClient    : Disable delta property : false
2025-12-19T23:25:59.949+01:00  INFO 38496 --- [hospitalService] [reshExecutor-%d] com.netflix.discovery.DiscoveryClient    : Single vip registry refresh property : null
2025-12-19T23:25:59.949+01:00  INFO 38496 --- [hospitalService] [reshExecutor-%d] com.netflix.discovery.DiscoveryClient    : Force full registry fetch : false
2025-12-19T23:25:59.949+01:00  INFO 38496 --- [hospitalService] [reshExecutor-%d] com.netflix.discovery.DiscoveryClient    : Application is null : false
2025-12-19T23:25:59.949+01:00  INFO 38496 --- [hospitalService] [reshExecutor-%d] com.netflix.discovery.DiscoveryClient    : Registered Applications size is zero : true
2025-12-19T23:25:59.949+01:00  INFO 38496 --- [hospitalService] [reshExecutor-%d] com.netflix.discovery.DiscoveryClient    : Application version is -1: false
2025-12-19T23:25:59.949+01:00  INFO 38496 --- [hospitalService] [reshExecutor-%d] com.netflix.discovery.DiscoveryClient    : Getting all instance registry info from the eureka server
2025-12-19T23:25:59.982+01:00  INFO 38496 --- [hospitalService] [reshExecutor-%d] com.netflix.discovery.DiscoveryClient    : The response status is 200
2025-12-19T23:27:53.289+01:00  WARN 38496 --- [hospitalService] [l-1:housekeeper] com.zaxxer.hikari.pool.HikariPool        : HikariPool-1 - Thread starvation or clock leap detected (housekeeper delta=54s807ms).
2025-12-19T23:28:04.071+01:00  INFO 38496 --- [hospitalService] [nio-9093-exec-1] o.a.c.c.C.[Tomcat].[localhost].[/]       : Initializing Spring DispatcherServlet 'dispatcherServlet'
2025-12-19T23:28:04.071+01:00  INFO 38496 --- [hospitalService] [nio-9093-exec-1] o.s.web.servlet.DispatcherServlet        : Initializing Servlet 'dispatcherServlet'
2025-12-19T23:28:04.074+01:00  INFO 38496 --- [hospitalService] [nio-9093-exec-1] o.s.web.servlet.DispatcherServlet        : Completed initialization in 3 ms
2025-12-19T23:28:04.128+01:00  INFO 38496 --- [hospitalService] [nio-9093-exec-1] c.a.h.Controller.HospitalController      : Requête GET /hospital - Récupération de tous les hôpitaux
2025-12-19T23:28:04.128+01:00  INFO 38496 --- [hospitalService] [nio-9093-exec-1] c.a.h.Service.HospitalService            : Récupération de tous les hôpitaux
Hibernate: select h1_0.id,h1_0.hospital_nom,h1_0.hospital_num from hospital h1_0
2025-12-19T23:28:04.263+01:00  INFO 38496 --- [hospitalService] [nio-9093-exec-1] c.a.h.Service.HospitalService            : Récupération réussie de 3 hôpitaux
