[INFO] Scanning for projects...
[INFO] 
[INFO] ----------------------< com.app:locationService >-----------------------
[INFO] Building locationService 0.0.1-SNAPSHOT
[INFO]   from pom.xml
[INFO] --------------------------------[ jar ]---------------------------------
[INFO] 
[INFO] >>> spring-boot:4.0.0:run (default-cli) > test-compile @ locationService >>>
[INFO] 
[INFO] --- resources:3.3.1:resources (default-resources) @ locationService ---
[INFO] Copying 1 resource from src/main/resources to target/classes
[INFO] Copying 0 resource from src/main/resources to target/classes
[INFO] 
[INFO] --- compiler:3.14.1:compile (default-compile) @ locationService ---
[INFO] Recompiling the module because of changed source code.
[INFO] Compiling 8 source files with javac [debug parameters release 17] to target/classes
[INFO] 
[INFO] --- resources:3.3.1:testResources (default-testResources) @ locationService ---
[INFO] skip non existing resourceDirectory /Users/abderrahimdefaoui/Desktop/blood-donaiton-main/backend/locationService/src/test/resources
[INFO] 
[INFO] --- compiler:3.14.1:testCompile (default-testCompile) @ locationService ---
[INFO] Recompiling the module because of changed dependency.
[INFO] Compiling 1 source file with javac [debug parameters release 17] to target/test-classes
[INFO] 
[INFO] <<< spring-boot:4.0.0:run (default-cli) < test-compile @ locationService <<<
[INFO] 
[INFO] 
[INFO] --- spring-boot:4.0.0:run (default-cli) @ locationService ---
[INFO] Attaching agents: []

  .   ____          _            __ _ _
 /\\ / ___'_ __ _ _(_)_ __  __ _ \ \ \ \
( ( )\___ | '_ | '_| | '_ \/ _` | \ \ \ \
 \\/  ___)| |_)| | | | | || (_| |  ) ) ) )
  '  |____| .__|_| |_|_| |_\__, | / / / /
 =========|_|==============|___/=/_/_/_/

 :: Spring Boot ::                (v4.0.0)

2026-01-12T21:44:58.643+01:00  INFO 59121 --- [locationService] [  restartedMain] c.a.l.LocationServiceApplication         : Starting LocationServiceApplication using Java 17.0.17 with PID 59121 (/Users/abderrahimdefaoui/Desktop/blood-donaiton-main/backend/locationService/target/classes started by abderrahimdefaoui in /Users/abderrahimdefaoui/Desktop/blood-donaiton-main/backend/locationService)
2026-01-12T21:44:58.649+01:00  INFO 59121 --- [locationService] [  restartedMain] c.a.l.LocationServiceApplication         : No active profile set, falling back to 1 default profile: "default"
2026-01-12T21:44:58.756+01:00  INFO 59121 --- [locationService] [  restartedMain] .e.DevToolsPropertyDefaultsPostProcessor : Devtools property defaults active! Set 'spring.devtools.add-properties' to 'false' to disable
2026-01-12T21:44:58.756+01:00  INFO 59121 --- [locationService] [  restartedMain] .e.DevToolsPropertyDefaultsPostProcessor : For additional web related logging consider setting the 'logging.level.web' property to 'DEBUG'
2026-01-12T21:44:59.470+01:00  INFO 59121 --- [locationService] [  restartedMain] .s.d.r.c.RepositoryConfigurationDelegate : Bootstrapping Spring Data JPA repositories in DEFAULT mode.
2026-01-12T21:44:59.588+01:00  INFO 59121 --- [locationService] [  restartedMain] .s.d.r.c.RepositoryConfigurationDelegate : Finished Spring Data repository scanning in 111 ms. Found 1 JPA repository interface.
2026-01-12T21:44:59.763+01:00  INFO 59121 --- [locationService] [  restartedMain] o.s.cloud.context.scope.GenericScope     : BeanFactory id=dd504d08-3ad0-35d2-bba6-70088743ad4b
2026-01-12T21:45:00.060+01:00  INFO 59121 --- [locationService] [  restartedMain] o.s.boot.tomcat.TomcatWebServer          : Tomcat initialized with port 9092 (http)
2026-01-12T21:45:00.068+01:00  INFO 59121 --- [locationService] [  restartedMain] o.apache.catalina.core.StandardService   : Starting service [Tomcat]
2026-01-12T21:45:00.068+01:00  INFO 59121 --- [locationService] [  restartedMain] o.apache.catalina.core.StandardEngine    : Starting Servlet engine: [Apache Tomcat/11.0.14]
2026-01-12T21:45:00.097+01:00  INFO 59121 --- [locationService] [  restartedMain] b.w.c.s.WebApplicationContextInitializer : Root WebApplicationContext: initialization completed in 1341 ms
2026-01-12T21:45:00.199+01:00  INFO 59121 --- [locationService] [  restartedMain] o.hibernate.jpa.internal.util.LogHelper  : HHH000204: Processing PersistenceUnitInfo [name: default]
2026-01-12T21:45:00.228+01:00  INFO 59121 --- [locationService] [  restartedMain] org.hibernate.Version                    : HHH000412: Hibernate ORM core version 7.1.8.Final
2026-01-12T21:45:00.519+01:00  INFO 59121 --- [locationService] [  restartedMain] o.s.o.j.p.SpringPersistenceUnitInfo      : No LoadTimeWeaver setup: ignoring JPA class transformer
2026-01-12T21:45:00.537+01:00  INFO 59121 --- [locationService] [  restartedMain] com.zaxxer.hikari.HikariDataSource       : HikariPool-1 - Starting...
2026-01-12T21:45:00.751+01:00  INFO 59121 --- [locationService] [  restartedMain] com.zaxxer.hikari.pool.HikariPool        : HikariPool-1 - Added connection com.mysql.cj.jdbc.ConnectionImpl@1e32d0e5
2026-01-12T21:45:00.752+01:00  INFO 59121 --- [locationService] [  restartedMain] com.zaxxer.hikari.HikariDataSource       : HikariPool-1 - Start completed.
2026-01-12T21:45:00.786+01:00  WARN 59121 --- [locationService] [  restartedMain] org.hibernate.orm.deprecation            : HHH90000025: MySQLDialect does not need to be specified explicitly using 'hibernate.dialect' (remove the property setting and it will be selected by default)
2026-01-12T21:45:00.807+01:00  INFO 59121 --- [locationService] [  restartedMain] org.hibernate.orm.connections.pooling    : HHH10001005: Database info:
	Database JDBC URL [jdbc:mysql://localhost:3306/location_db?createDatabaseIfNotExist=true]
	Database driver: MySQL Connector/J
	Database dialect: MySQLDialect
	Database version: 8.0.44
	Default catalog/schema: location_db/undefined
	Autocommit mode: undefined/unknown
	Isolation level: REPEATABLE_READ [default REPEATABLE_READ]
	JDBC fetch size: none
	Pool: DatasourceConnectionProviderImpl
	Minimum pool size: undefined/unknown
	Maximum pool size: undefined/unknown
2026-01-12T21:45:01.315+01:00  INFO 59121 --- [locationService] [  restartedMain] o.h.e.t.j.p.i.JtaPlatformInitiator       : HHH000489: No JTA platform available (set 'hibernate.transaction.jta.platform' to enable JTA platform integration)
2026-01-12T21:45:01.361+01:00  INFO 59121 --- [locationService] [  restartedMain] j.LocalContainerEntityManagerFactoryBean : Initialized JPA EntityManagerFactory for persistence unit 'default'
2026-01-12T21:45:01.412+01:00  INFO 59121 --- [locationService] [  restartedMain] o.s.d.j.r.query.QueryEnhancerFactories   : Hibernate is in classpath; If applicable, HQL parser will be used.
2026-01-12T21:45:01.488+01:00  WARN 59121 --- [locationService] [  restartedMain] JpaBaseConfiguration$JpaWebConfiguration : spring.jpa.open-in-view is enabled by default. Therefore, database queries may be performed during view rendering. Explicitly configure spring.jpa.open-in-view to disable this warning
2026-01-12T21:45:01.822+01:00  INFO 59121 --- [locationService] [  restartedMain] DiscoveryClientOptionalArgsConfiguration : Eureka HTTP Client uses RestClient.
2026-01-12T21:45:01.937+01:00  WARN 59121 --- [locationService] [  restartedMain] iguration$LoadBalancerCaffeineWarnLogger : Spring Cloud LoadBalancer is currently working with the default cache. While this cache implementation is useful for development and tests, it's recommended to use Caffeine cache in production.You can switch to using Caffeine cache, by adding it and org.springframework.cache.caffeine.CaffeineCacheManager to the classpath.
2026-01-12T21:45:01.970+01:00  INFO 59121 --- [locationService] [  restartedMain] o.s.boot.tomcat.TomcatWebServer          : Tomcat started on port 9092 (http) with context path '/'
2026-01-12T21:45:01.982+01:00  INFO 59121 --- [locationService] [  restartedMain] c.a.l.LocationServiceApplication         : Started LocationServiceApplication in 3.782 seconds (process running for 4.395)
2026-01-12T21:47:01.444+01:00  INFO 59121 --- [locationService] [nio-9092-exec-1] o.a.c.c.C.[Tomcat].[localhost].[/]       : Initializing Spring DispatcherServlet 'dispatcherServlet'
2026-01-12T21:47:01.445+01:00  INFO 59121 --- [locationService] [nio-9092-exec-1] o.s.web.servlet.DispatcherServlet        : Initializing Servlet 'dispatcherServlet'
2026-01-12T21:47:01.448+01:00  INFO 59121 --- [locationService] [nio-9092-exec-1] o.s.web.servlet.DispatcherServlet        : Completed initialization in 3 ms
2026-01-12T21:47:01.495+01:00  INFO 59121 --- [locationService] [nio-9092-exec-1] c.a.l.Controller.LocationController      : Requête GET /location - Récupération de toutes les locations
2026-01-12T21:47:01.495+01:00  INFO 59121 --- [locationService] [nio-9092-exec-1] c.a.l.Service.LocationService            : Récupération de toutes les locations
Hibernate: select l1_0.id,l1_0.ville from location l1_0
2026-01-12T21:47:01.608+01:00  INFO 59121 --- [locationService] [nio-9092-exec-1] c.a.l.Service.LocationService            : Récupération réussie de 0 locations
2026-01-12T21:49:04.266+01:00  INFO 59121 --- [locationService] [nio-9092-exec-3] c.a.l.Controller.LocationController      : Requête GET /location - Récupération de toutes les locations
2026-01-12T21:49:04.268+01:00  INFO 59121 --- [locationService] [nio-9092-exec-3] c.a.l.Service.LocationService            : Récupération de toutes les locations
Hibernate: select l1_0.id,l1_0.ville from location l1_0
2026-01-12T21:49:04.331+01:00  INFO 59121 --- [locationService] [nio-9092-exec-3] c.a.l.Service.LocationService            : Récupération réussie de 4 locations
2026-01-12T21:49:46.635+01:00  INFO 59121 --- [locationService] [nio-9092-exec-4] c.a.l.Controller.LocationController      : Requête GET /location/2 - Récupération de la location
2026-01-12T21:49:46.636+01:00  INFO 59121 --- [locationService] [nio-9092-exec-4] c.a.l.Service.LocationService            : Récupération de la location avec l'ID: 2
Hibernate: select l1_0.id,l1_0.ville from location l1_0 where l1_0.id=?
2026-01-12T21:49:46.646+01:00  INFO 59121 --- [locationService] [nio-9092-exec-4] c.a.l.Service.LocationService            : Location récupérée avec succès - ID: 2, Ville: rabat
2026-01-12T21:51:41.464+01:00  INFO 59121 --- [locationService] [nio-9092-exec-7] c.a.l.Controller.LocationController      : Requête GET /location/2 - Récupération de la location
2026-01-12T21:51:41.464+01:00  INFO 59121 --- [locationService] [nio-9092-exec-7] c.a.l.Service.LocationService            : Récupération de la location avec l'ID: 2
Hibernate: select l1_0.id,l1_0.ville from location l1_0 where l1_0.id=?
2026-01-12T21:51:41.473+01:00  INFO 59121 --- [locationService] [nio-9092-exec-7] c.a.l.Service.LocationService            : Location récupérée avec succès - ID: 2, Ville: rabat
2026-01-12T21:51:52.983+01:00  INFO 59121 --- [locationService] [nio-9092-exec-8] c.a.l.Controller.LocationController      : Requête GET /location/2 - Récupération de la location
2026-01-12T21:51:52.983+01:00  INFO 59121 --- [locationService] [nio-9092-exec-8] c.a.l.Service.LocationService            : Récupération de la location avec l'ID: 2
Hibernate: select l1_0.id,l1_0.ville from location l1_0 where l1_0.id=?
2026-01-12T21:51:52.991+01:00  INFO 59121 --- [locationService] [nio-9092-exec-8] c.a.l.Service.LocationService            : Location récupérée avec succès - ID: 2, Ville: rabat
2026-01-12T21:51:53.009+01:00  INFO 59121 --- [locationService] [nio-9092-exec-9] c.a.l.Controller.LocationController      : Requête GET /location/2 - Récupération de la location
2026-01-12T21:51:53.009+01:00  INFO 59121 --- [locationService] [nio-9092-exec-9] c.a.l.Service.LocationService            : Récupération de la location avec l'ID: 2
Hibernate: select l1_0.id,l1_0.ville from location l1_0 where l1_0.id=?
2026-01-12T21:51:53.018+01:00  INFO 59121 --- [locationService] [nio-9092-exec-9] c.a.l.Service.LocationService            : Location récupérée avec succès - ID: 2, Ville: rabat
2026-01-12T21:52:20.812+01:00  INFO 59121 --- [locationService] [io-9092-exec-10] c.a.l.Controller.LocationController      : Requête GET /location/2 - Récupération de la location
2026-01-12T21:52:20.813+01:00  INFO 59121 --- [locationService] [io-9092-exec-10] c.a.l.Service.LocationService            : Récupération de la location avec l'ID: 2
Hibernate: select l1_0.id,l1_0.ville from location l1_0 where l1_0.id=?
2026-01-12T21:52:20.826+01:00  INFO 59121 --- [locationService] [io-9092-exec-10] c.a.l.Service.LocationService            : Location récupérée avec succès - ID: 2, Ville: rabat
2026-01-12T21:52:23.000+01:00  INFO 59121 --- [locationService] [nio-9092-exec-1] c.a.l.Controller.LocationController      : Requête GET /location/2 - Récupération de la location
2026-01-12T21:52:23.001+01:00  INFO 59121 --- [locationService] [nio-9092-exec-1] c.a.l.Service.LocationService            : Récupération de la location avec l'ID: 2
Hibernate: select l1_0.id,l1_0.ville from location l1_0 where l1_0.id=?
2026-01-12T21:52:23.009+01:00  INFO 59121 --- [locationService] [nio-9092-exec-1] c.a.l.Service.LocationService            : Location récupérée avec succès - ID: 2, Ville: rabat
2026-01-12T21:52:23.105+01:00  INFO 59121 --- [locationService] [nio-9092-exec-2] c.a.l.Controller.LocationController      : Requête GET /location/2 - Récupération de la location
2026-01-12T21:52:23.105+01:00  INFO 59121 --- [locationService] [nio-9092-exec-2] c.a.l.Service.LocationService            : Récupération de la location avec l'ID: 2
Hibernate: select l1_0.id,l1_0.ville from location l1_0 where l1_0.id=?
2026-01-12T21:52:23.110+01:00  INFO 59121 --- [locationService] [nio-9092-exec-2] c.a.l.Service.LocationService            : Location récupérée avec succès - ID: 2, Ville: rabat
2026-01-12T21:52:23.123+01:00  INFO 59121 --- [locationService] [nio-9092-exec-3] c.a.l.Controller.LocationController      : Requête GET /location/2 - Récupération de la location
2026-01-12T21:52:23.123+01:00  INFO 59121 --- [locationService] [nio-9092-exec-3] c.a.l.Service.LocationService            : Récupération de la location avec l'ID: 2
Hibernate: select l1_0.id,l1_0.ville from location l1_0 where l1_0.id=?
2026-01-12T21:52:23.130+01:00  INFO 59121 --- [locationService] [nio-9092-exec-3] c.a.l.Service.LocationService            : Location récupérée avec succès - ID: 2, Ville: rabat
2026-01-12T21:52:28.179+01:00  INFO 59121 --- [locationService] [nio-9092-exec-4] c.a.l.Controller.LocationController      : Requête GET /location/2 - Récupération de la location
2026-01-12T21:52:28.180+01:00  INFO 59121 --- [locationService] [nio-9092-exec-4] c.a.l.Service.LocationService            : Récupération de la location avec l'ID: 2
Hibernate: select l1_0.id,l1_0.ville from location l1_0 where l1_0.id=?
2026-01-12T21:52:28.188+01:00  INFO 59121 --- [locationService] [nio-9092-exec-4] c.a.l.Service.LocationService            : Location récupérée avec succès - ID: 2, Ville: rabat
2026-01-12T21:52:39.117+01:00  INFO 59121 --- [locationService] [nio-9092-exec-5] c.a.l.Controller.LocationController      : Requête GET /location/2 - Récupération de la location
2026-01-12T21:52:39.118+01:00  INFO 59121 --- [locationService] [nio-9092-exec-5] c.a.l.Service.LocationService            : Récupération de la location avec l'ID: 2
Hibernate: select l1_0.id,l1_0.ville from location l1_0 where l1_0.id=?
2026-01-12T21:52:39.126+01:00  INFO 59121 --- [locationService] [nio-9092-exec-5] c.a.l.Service.LocationService            : Location récupérée avec succès - ID: 2, Ville: rabat
2026-01-12T21:52:39.142+01:00  INFO 59121 --- [locationService] [nio-9092-exec-6] c.a.l.Controller.LocationController      : Requête GET /location/2 - Récupération de la location
2026-01-12T21:52:39.143+01:00  INFO 59121 --- [locationService] [nio-9092-exec-6] c.a.l.Service.LocationService            : Récupération de la location avec l'ID: 2
Hibernate: select l1_0.id,l1_0.ville from location l1_0 where l1_0.id=?
2026-01-12T21:52:39.150+01:00  INFO 59121 --- [locationService] [nio-9092-exec-6] c.a.l.Service.LocationService            : Location récupérée avec succès - ID: 2, Ville: rabat
2026-01-12T21:54:15.680+01:00  INFO 59121 --- [locationService] [nio-9092-exec-9] c.a.l.Controller.LocationController      : Requête GET /location/2 - Récupération de la location
2026-01-12T21:54:15.681+01:00  INFO 59121 --- [locationService] [nio-9092-exec-9] c.a.l.Service.LocationService            : Récupération de la location avec l'ID: 2
Hibernate: select l1_0.id,l1_0.ville from location l1_0 where l1_0.id=?
2026-01-12T21:54:15.696+01:00  INFO 59121 --- [locationService] [nio-9092-exec-9] c.a.l.Service.LocationService            : Location récupérée avec succès - ID: 2, Ville: rabat
2026-01-12T21:54:15.725+01:00  INFO 59121 --- [locationService] [io-9092-exec-10] c.a.l.Controller.LocationController      : Requête GET /location/2 - Récupération de la location
2026-01-12T21:54:15.725+01:00  INFO 59121 --- [locationService] [io-9092-exec-10] c.a.l.Service.LocationService            : Récupération de la location avec l'ID: 2
Hibernate: select l1_0.id,l1_0.ville from location l1_0 where l1_0.id=?
2026-01-12T21:54:15.733+01:00  INFO 59121 --- [locationService] [io-9092-exec-10] c.a.l.Service.LocationService            : Location récupérée avec succès - ID: 2, Ville: rabat
2026-01-12T21:54:41.911+01:00  INFO 59121 --- [locationService] [nio-9092-exec-1] c.a.l.Controller.LocationController      : Requête GET /location/2 - Récupération de la location
2026-01-12T21:54:41.911+01:00  INFO 59121 --- [locationService] [nio-9092-exec-1] c.a.l.Service.LocationService            : Récupération de la location avec l'ID: 2
Hibernate: select l1_0.id,l1_0.ville from location l1_0 where l1_0.id=?
2026-01-12T21:54:41.917+01:00  INFO 59121 --- [locationService] [nio-9092-exec-1] c.a.l.Service.LocationService            : Location récupérée avec succès - ID: 2, Ville: rabat
2026-01-12T21:54:41.984+01:00  INFO 59121 --- [locationService] [nio-9092-exec-2] c.a.l.Controller.LocationController      : Requête GET /location/2 - Récupération de la location
2026-01-12T21:54:41.984+01:00  INFO 59121 --- [locationService] [nio-9092-exec-2] c.a.l.Service.LocationService            : Récupération de la location avec l'ID: 2
Hibernate: select l1_0.id,l1_0.ville from location l1_0 where l1_0.id=?
2026-01-12T21:54:41.995+01:00  INFO 59121 --- [locationService] [nio-9092-exec-2] c.a.l.Service.LocationService            : Location récupérée avec succès - ID: 2, Ville: rabat
2026-01-12T21:54:42.011+01:00  INFO 59121 --- [locationService] [nio-9092-exec-3] c.a.l.Controller.LocationController      : Requête GET /location/2 - Récupération de la location
2026-01-12T21:54:42.011+01:00  INFO 59121 --- [locationService] [nio-9092-exec-3] c.a.l.Service.LocationService            : Récupération de la location avec l'ID: 2
Hibernate: select l1_0.id,l1_0.ville from location l1_0 where l1_0.id=?
2026-01-12T21:54:42.019+01:00  INFO 59121 --- [locationService] [nio-9092-exec-3] c.a.l.Service.LocationService            : Location récupérée avec succès - ID: 2, Ville: rabat
2026-01-12T21:54:42.039+01:00  INFO 59121 --- [locationService] [nio-9092-exec-4] c.a.l.Controller.LocationController      : Requête GET /location/2 - Récupération de la location
2026-01-12T21:54:42.039+01:00  INFO 59121 --- [locationService] [nio-9092-exec-4] c.a.l.Service.LocationService            : Récupération de la location avec l'ID: 2
Hibernate: select l1_0.id,l1_0.ville from location l1_0 where l1_0.id=?
2026-01-12T21:54:42.043+01:00  INFO 59121 --- [locationService] [nio-9092-exec-4] c.a.l.Service.LocationService            : Location récupérée avec succès - ID: 2, Ville: rabat
2026-01-12T21:54:42.055+01:00  INFO 59121 --- [locationService] [nio-9092-exec-5] c.a.l.Controller.LocationController      : Requête GET /location/2 - Récupération de la location
2026-01-12T21:54:42.055+01:00  INFO 59121 --- [locationService] [nio-9092-exec-5] c.a.l.Service.LocationService            : Récupération de la location avec l'ID: 2
Hibernate: select l1_0.id,l1_0.ville from location l1_0 where l1_0.id=?
2026-01-12T21:54:42.062+01:00  INFO 59121 --- [locationService] [nio-9092-exec-5] c.a.l.Service.LocationService            : Location récupérée avec succès - ID: 2, Ville: rabat
2026-01-12T21:54:42.081+01:00  INFO 59121 --- [locationService] [nio-9092-exec-6] c.a.l.Controller.LocationController      : Requête GET /location/2 - Récupération de la location
2026-01-12T21:54:42.081+01:00  INFO 59121 --- [locationService] [nio-9092-exec-6] c.a.l.Service.LocationService            : Récupération de la location avec l'ID: 2
Hibernate: select l1_0.id,l1_0.ville from location l1_0 where l1_0.id=?
2026-01-12T21:54:42.086+01:00  INFO 59121 --- [locationService] [nio-9092-exec-6] c.a.l.Service.LocationService            : Location récupérée avec succès - ID: 2, Ville: rabat
2026-01-12T21:54:42.097+01:00  INFO 59121 --- [locationService] [nio-9092-exec-8] c.a.l.Controller.LocationController      : Requête GET /location/2 - Récupération de la location
2026-01-12T21:54:42.097+01:00  INFO 59121 --- [locationService] [nio-9092-exec-8] c.a.l.Service.LocationService            : Récupération de la location avec l'ID: 2
Hibernate: select l1_0.id,l1_0.ville from location l1_0 where l1_0.id=?
2026-01-12T21:54:42.104+01:00  INFO 59121 --- [locationService] [nio-9092-exec-8] c.a.l.Service.LocationService            : Location récupérée avec succès - ID: 2, Ville: rabat
2026-01-12T21:54:43.183+01:00  INFO 59121 --- [locationService] [nio-9092-exec-7] c.a.l.Controller.LocationController      : Requête GET /location/2 - Récupération de la location
2026-01-12T21:54:43.183+01:00  INFO 59121 --- [locationService] [nio-9092-exec-7] c.a.l.Service.LocationService            : Récupération de la location avec l'ID: 2
Hibernate: select l1_0.id,l1_0.ville from location l1_0 where l1_0.id=?
2026-01-12T21:54:43.190+01:00  INFO 59121 --- [locationService] [nio-9092-exec-7] c.a.l.Service.LocationService            : Location récupérée avec succès - ID: 2, Ville: rabat
2026-01-12T21:54:43.236+01:00  INFO 59121 --- [locationService] [nio-9092-exec-9] c.a.l.Controller.LocationController      : Requête GET /location/2 - Récupération de la location
2026-01-12T21:54:43.236+01:00  INFO 59121 --- [locationService] [nio-9092-exec-9] c.a.l.Service.LocationService            : Récupération de la location avec l'ID: 2
Hibernate: select l1_0.id,l1_0.ville from location l1_0 where l1_0.id=?
2026-01-12T21:54:43.250+01:00  INFO 59121 --- [locationService] [nio-9092-exec-9] c.a.l.Service.LocationService            : Location récupérée avec succès - ID: 2, Ville: rabat
2026-01-12T21:54:43.262+01:00  INFO 59121 --- [locationService] [io-9092-exec-10] c.a.l.Controller.LocationController      : Requête GET /location/2 - Récupération de la location
2026-01-12T21:54:43.262+01:00  INFO 59121 --- [locationService] [io-9092-exec-10] c.a.l.Service.LocationService            : Récupération de la location avec l'ID: 2
Hibernate: select l1_0.id,l1_0.ville from location l1_0 where l1_0.id=?
2026-01-12T21:54:43.269+01:00  INFO 59121 --- [locationService] [io-9092-exec-10] c.a.l.Service.LocationService            : Location récupérée avec succès - ID: 2, Ville: rabat
2026-01-12T21:54:43.289+01:00  INFO 59121 --- [locationService] [nio-9092-exec-1] c.a.l.Controller.LocationController      : Requête GET /location/2 - Récupération de la location
2026-01-12T21:54:43.289+01:00  INFO 59121 --- [locationService] [nio-9092-exec-1] c.a.l.Service.LocationService            : Récupération de la location avec l'ID: 2
Hibernate: select l1_0.id,l1_0.ville from location l1_0 where l1_0.id=?
2026-01-12T21:54:43.294+01:00  INFO 59121 --- [locationService] [nio-9092-exec-1] c.a.l.Service.LocationService            : Location récupérée avec succès - ID: 2, Ville: rabat
2026-01-12T21:54:43.306+01:00  INFO 59121 --- [locationService] [nio-9092-exec-2] c.a.l.Controller.LocationController      : Requête GET /location/2 - Récupération de la location
2026-01-12T21:54:43.306+01:00  INFO 59121 --- [locationService] [nio-9092-exec-2] c.a.l.Service.LocationService            : Récupération de la location avec l'ID: 2
Hibernate: select l1_0.id,l1_0.ville from location l1_0 where l1_0.id=?
2026-01-12T21:54:43.311+01:00  INFO 59121 --- [locationService] [nio-9092-exec-2] c.a.l.Service.LocationService            : Location récupérée avec succès - ID: 2, Ville: rabat
2026-01-12T21:54:43.325+01:00  INFO 59121 --- [locationService] [nio-9092-exec-3] c.a.l.Controller.LocationController      : Requête GET /location/2 - Récupération de la location
2026-01-12T21:54:43.326+01:00  INFO 59121 --- [locationService] [nio-9092-exec-3] c.a.l.Service.LocationService            : Récupération de la location avec l'ID: 2
Hibernate: select l1_0.id,l1_0.ville from location l1_0 where l1_0.id=?
2026-01-12T21:54:43.329+01:00  INFO 59121 --- [locationService] [nio-9092-exec-3] c.a.l.Service.LocationService            : Location récupérée avec succès - ID: 2, Ville: rabat
2026-01-12T21:54:43.339+01:00  INFO 59121 --- [locationService] [nio-9092-exec-4] c.a.l.Controller.LocationController      : Requête GET /location/2 - Récupération de la location
2026-01-12T21:54:43.339+01:00  INFO 59121 --- [locationService] [nio-9092-exec-4] c.a.l.Service.LocationService            : Récupération de la location avec l'ID: 2
Hibernate: select l1_0.id,l1_0.ville from location l1_0 where l1_0.id=?
2026-01-12T21:54:43.346+01:00  INFO 59121 --- [locationService] [nio-9092-exec-4] c.a.l.Service.LocationService            : Location récupérée avec succès - ID: 2, Ville: rabat
2026-01-12T21:54:52.825+01:00  INFO 59121 --- [locationService] [nio-9092-exec-5] c.a.l.Controller.LocationController      : Requête GET /location - Récupération de toutes les locations
2026-01-12T21:54:52.825+01:00  INFO 59121 --- [locationService] [nio-9092-exec-5] c.a.l.Service.LocationService            : Récupération de toutes les locations
Hibernate: select l1_0.id,l1_0.ville from location l1_0
2026-01-12T21:54:52.838+01:00  INFO 59121 --- [locationService] [nio-9092-exec-5] c.a.l.Service.LocationService            : Récupération réussie de 4 locations
2026-01-12T21:55:18.336+01:00  INFO 59121 --- [locationService] [nio-9092-exec-6] c.a.l.Controller.LocationController      : Requête GET /location/2 - Récupération de la location
2026-01-12T21:55:18.336+01:00  INFO 59121 --- [locationService] [nio-9092-exec-6] c.a.l.Service.LocationService            : Récupération de la location avec l'ID: 2
Hibernate: select l1_0.id,l1_0.ville from location l1_0 where l1_0.id=?
2026-01-12T21:55:18.342+01:00  INFO 59121 --- [locationService] [nio-9092-exec-6] c.a.l.Service.LocationService            : Location récupérée avec succès - ID: 2, Ville: rabat
2026-01-12T21:55:20.727+01:00  INFO 59121 --- [locationService] [nio-9092-exec-8] c.a.l.Controller.LocationController      : Requête GET /location/2 - Récupération de la location
2026-01-12T21:55:20.727+01:00  INFO 59121 --- [locationService] [nio-9092-exec-8] c.a.l.Service.LocationService            : Récupération de la location avec l'ID: 2
Hibernate: select l1_0.id,l1_0.ville from location l1_0 where l1_0.id=?
2026-01-12T21:55:20.733+01:00  INFO 59121 --- [locationService] [nio-9092-exec-8] c.a.l.Service.LocationService            : Location récupérée avec succès - ID: 2, Ville: rabat
2026-01-12T21:55:22.323+01:00  INFO 59121 --- [locationService] [nio-9092-exec-7] c.a.l.Controller.LocationController      : Requête GET /location/2 - Récupération de la location
2026-01-12T21:55:22.323+01:00  INFO 59121 --- [locationService] [nio-9092-exec-7] c.a.l.Service.LocationService            : Récupération de la location avec l'ID: 2
Hibernate: select l1_0.id,l1_0.ville from location l1_0 where l1_0.id=?
2026-01-12T21:55:22.328+01:00  INFO 59121 --- [locationService] [nio-9092-exec-7] c.a.l.Service.LocationService            : Location récupérée avec succès - ID: 2, Ville: rabat
2026-01-12T21:55:22.338+01:00  INFO 59121 --- [locationService] [nio-9092-exec-9] c.a.l.Controller.LocationController      : Requête GET /location/2 - Récupération de la location
2026-01-12T21:55:22.339+01:00  INFO 59121 --- [locationService] [nio-9092-exec-9] c.a.l.Service.LocationService            : Récupération de la location avec l'ID: 2
Hibernate: select l1_0.id,l1_0.ville from location l1_0 where l1_0.id=?
2026-01-12T21:55:22.343+01:00  INFO 59121 --- [locationService] [nio-9092-exec-9] c.a.l.Service.LocationService            : Location récupérée avec succès - ID: 2, Ville: rabat
2026-01-12T21:55:22.359+01:00  INFO 59121 --- [locationService] [io-9092-exec-10] c.a.l.Controller.LocationController      : Requête GET /location/2 - Récupération de la location
2026-01-12T21:55:22.360+01:00  INFO 59121 --- [locationService] [io-9092-exec-10] c.a.l.Service.LocationService            : Récupération de la location avec l'ID: 2
Hibernate: select l1_0.id,l1_0.ville from location l1_0 where l1_0.id=?
2026-01-12T21:55:22.364+01:00  INFO 59121 --- [locationService] [io-9092-exec-10] c.a.l.Service.LocationService            : Location récupérée avec succès - ID: 2, Ville: rabat
2026-01-12T21:55:22.373+01:00  INFO 59121 --- [locationService] [nio-9092-exec-1] c.a.l.Controller.LocationController      : Requête GET /location/2 - Récupération de la location
2026-01-12T21:55:22.373+01:00  INFO 59121 --- [locationService] [nio-9092-exec-1] c.a.l.Service.LocationService            : Récupération de la location avec l'ID: 2
Hibernate: select l1_0.id,l1_0.ville from location l1_0 where l1_0.id=?
2026-01-12T21:55:22.380+01:00  INFO 59121 --- [locationService] [nio-9092-exec-1] c.a.l.Service.LocationService            : Location récupérée avec succès - ID: 2, Ville: rabat
2026-01-12T21:55:22.393+01:00  INFO 59121 --- [locationService] [nio-9092-exec-2] c.a.l.Controller.LocationController      : Requête GET /location/2 - Récupération de la location
2026-01-12T21:55:22.393+01:00  INFO 59121 --- [locationService] [nio-9092-exec-2] c.a.l.Service.LocationService            : Récupération de la location avec l'ID: 2
Hibernate: select l1_0.id,l1_0.ville from location l1_0 where l1_0.id=?
2026-01-12T21:55:22.398+01:00  INFO 59121 --- [locationService] [nio-9092-exec-2] c.a.l.Service.LocationService            : Location récupérée avec succès - ID: 2, Ville: rabat
2026-01-12T21:55:22.408+01:00  INFO 59121 --- [locationService] [nio-9092-exec-3] c.a.l.Controller.LocationController      : Requête GET /location/2 - Récupération de la location
2026-01-12T21:55:22.408+01:00  INFO 59121 --- [locationService] [nio-9092-exec-3] c.a.l.Service.LocationService            : Récupération de la location avec l'ID: 2
Hibernate: select l1_0.id,l1_0.ville from location l1_0 where l1_0.id=?
2026-01-12T21:55:22.412+01:00  INFO 59121 --- [locationService] [nio-9092-exec-3] c.a.l.Service.LocationService            : Location récupérée avec succès - ID: 2, Ville: rabat
2026-01-12T21:55:24.202+01:00  INFO 59121 --- [locationService] [nio-9092-exec-4] c.a.l.Controller.LocationController      : Requête GET /location/2 - Récupération de la location
2026-01-12T21:55:24.202+01:00  INFO 59121 --- [locationService] [nio-9092-exec-4] c.a.l.Service.LocationService            : Récupération de la location avec l'ID: 2
Hibernate: select l1_0.id,l1_0.ville from location l1_0 where l1_0.id=?
2026-01-12T21:55:24.208+01:00  INFO 59121 --- [locationService] [nio-9092-exec-4] c.a.l.Service.LocationService            : Location récupérée avec succès - ID: 2, Ville: rabat
2026-01-12T21:55:26.988+01:00  INFO 59121 --- [locationService] [nio-9092-exec-5] c.a.l.Controller.LocationController      : Requête GET /location/2 - Récupération de la location
2026-01-12T21:55:26.988+01:00  INFO 59121 --- [locationService] [nio-9092-exec-5] c.a.l.Service.LocationService            : Récupération de la location avec l'ID: 2
Hibernate: select l1_0.id,l1_0.ville from location l1_0 where l1_0.id=?
2026-01-12T21:55:26.996+01:00  INFO 59121 --- [locationService] [nio-9092-exec-5] c.a.l.Service.LocationService            : Location récupérée avec succès - ID: 2, Ville: rabat
2026-01-12T21:55:27.528+01:00  INFO 59121 --- [locationService] [nio-9092-exec-6] c.a.l.Controller.LocationController      : Requête GET /location/2 - Récupération de la location
2026-01-12T21:55:27.528+01:00  INFO 59121 --- [locationService] [nio-9092-exec-6] c.a.l.Service.LocationService            : Récupération de la location avec l'ID: 2
Hibernate: select l1_0.id,l1_0.ville from location l1_0 where l1_0.id=?
2026-01-12T21:55:27.534+01:00  INFO 59121 --- [locationService] [nio-9092-exec-6] c.a.l.Service.LocationService            : Location récupérée avec succès - ID: 2, Ville: rabat
2026-01-12T21:55:27.546+01:00  INFO 59121 --- [locationService] [nio-9092-exec-8] c.a.l.Controller.LocationController      : Requête GET /location/2 - Récupération de la location
2026-01-12T21:55:27.546+01:00  INFO 59121 --- [locationService] [nio-9092-exec-8] c.a.l.Service.LocationService            : Récupération de la location avec l'ID: 2
Hibernate: select l1_0.id,l1_0.ville from location l1_0 where l1_0.id=?
2026-01-12T21:55:27.552+01:00  INFO 59121 --- [locationService] [nio-9092-exec-8] c.a.l.Service.LocationService            : Location récupérée avec succès - ID: 2, Ville: rabat
2026-01-12T21:55:27.568+01:00  INFO 59121 --- [locationService] [nio-9092-exec-7] c.a.l.Controller.LocationController      : Requête GET /location/2 - Récupération de la location
2026-01-12T21:55:27.568+01:00  INFO 59121 --- [locationService] [nio-9092-exec-7] c.a.l.Service.LocationService            : Récupération de la location avec l'ID: 2
Hibernate: select l1_0.id,l1_0.ville from location l1_0 where l1_0.id=?
2026-01-12T21:55:27.574+01:00  INFO 59121 --- [locationService] [nio-9092-exec-7] c.a.l.Service.LocationService            : Location récupérée avec succès - ID: 2, Ville: rabat
2026-01-12T21:55:27.583+01:00  INFO 59121 --- [locationService] [nio-9092-exec-9] c.a.l.Controller.LocationController      : Requête GET /location/2 - Récupération de la location
2026-01-12T21:55:27.583+01:00  INFO 59121 --- [locationService] [nio-9092-exec-9] c.a.l.Service.LocationService            : Récupération de la location avec l'ID: 2
Hibernate: select l1_0.id,l1_0.ville from location l1_0 where l1_0.id=?
2026-01-12T21:55:27.589+01:00  INFO 59121 --- [locationService] [nio-9092-exec-9] c.a.l.Service.LocationService            : Location récupérée avec succès - ID: 2, Ville: rabat
2026-01-12T21:55:27.604+01:00  INFO 59121 --- [locationService] [io-9092-exec-10] c.a.l.Controller.LocationController      : Requête GET /location/2 - Récupération de la location
2026-01-12T21:55:27.604+01:00  INFO 59121 --- [locationService] [io-9092-exec-10] c.a.l.Service.LocationService            : Récupération de la location avec l'ID: 2
Hibernate: select l1_0.id,l1_0.ville from location l1_0 where l1_0.id=?
2026-01-12T21:55:27.609+01:00  INFO 59121 --- [locationService] [io-9092-exec-10] c.a.l.Service.LocationService            : Location récupérée avec succès - ID: 2, Ville: rabat
2026-01-12T21:55:27.618+01:00  INFO 59121 --- [locationService] [nio-9092-exec-1] c.a.l.Controller.LocationController      : Requête GET /location/2 - Récupération de la location
2026-01-12T21:55:27.618+01:00  INFO 59121 --- [locationService] [nio-9092-exec-1] c.a.l.Service.LocationService            : Récupération de la location avec l'ID: 2
Hibernate: select l1_0.id,l1_0.ville from location l1_0 where l1_0.id=?
2026-01-12T21:55:27.622+01:00  INFO 59121 --- [locationService] [nio-9092-exec-1] c.a.l.Service.LocationService            : Location récupérée avec succès - ID: 2, Ville: rabat
2026-01-12T21:55:30.417+01:00  INFO 59121 --- [locationService] [nio-9092-exec-2] c.a.l.Controller.LocationController      : Requête GET /location/2 - Récupération de la location
2026-01-12T21:55:30.417+01:00  INFO 59121 --- [locationService] [nio-9092-exec-2] c.a.l.Service.LocationService            : Récupération de la location avec l'ID: 2
Hibernate: select l1_0.id,l1_0.ville from location l1_0 where l1_0.id=?
2026-01-12T21:55:30.424+01:00  INFO 59121 --- [locationService] [nio-9092-exec-2] c.a.l.Service.LocationService            : Location récupérée avec succès - ID: 2, Ville: rabat
2026-01-12T21:55:30.433+01:00  INFO 59121 --- [locationService] [nio-9092-exec-3] c.a.l.Controller.LocationController      : Requête GET /location/2 - Récupération de la location
2026-01-12T21:55:30.433+01:00  INFO 59121 --- [locationService] [nio-9092-exec-3] c.a.l.Service.LocationService            : Récupération de la location avec l'ID: 2
Hibernate: select l1_0.id,l1_0.ville from location l1_0 where l1_0.id=?
2026-01-12T21:55:30.446+01:00  INFO 59121 --- [locationService] [nio-9092-exec-3] c.a.l.Service.LocationService            : Location récupérée avec succès - ID: 2, Ville: rabat
2026-01-12T21:55:32.605+01:00  INFO 59121 --- [locationService] [nio-9092-exec-4] c.a.l.Controller.LocationController      : Requête GET /location/2 - Récupération de la location
2026-01-12T21:55:32.605+01:00  INFO 59121 --- [locationService] [nio-9092-exec-4] c.a.l.Service.LocationService            : Récupération de la location avec l'ID: 2
Hibernate: select l1_0.id,l1_0.ville from location l1_0 where l1_0.id=?
2026-01-12T21:55:32.615+01:00  INFO 59121 --- [locationService] [nio-9092-exec-4] c.a.l.Service.LocationService            : Location récupérée avec succès - ID: 2, Ville: rabat
2026-01-12T21:55:32.640+01:00  INFO 59121 --- [locationService] [nio-9092-exec-5] c.a.l.Controller.LocationController      : Requête GET /location/2 - Récupération de la location
2026-01-12T21:55:32.640+01:00  INFO 59121 --- [locationService] [nio-9092-exec-5] c.a.l.Service.LocationService            : Récupération de la location avec l'ID: 2
Hibernate: select l1_0.id,l1_0.ville from location l1_0 where l1_0.id=?
2026-01-12T21:55:32.644+01:00  INFO 59121 --- [locationService] [nio-9092-exec-5] c.a.l.Service.LocationService            : Location récupérée avec succès - ID: 2, Ville: rabat
2026-01-12T21:55:33.144+01:00  INFO 59121 --- [locationService] [nio-9092-exec-6] c.a.l.Controller.LocationController      : Requête GET /location/2 - Récupération de la location
2026-01-12T21:55:33.144+01:00  INFO 59121 --- [locationService] [nio-9092-exec-6] c.a.l.Service.LocationService            : Récupération de la location avec l'ID: 2
Hibernate: select l1_0.id,l1_0.ville from location l1_0 where l1_0.id=?
2026-01-12T21:55:33.152+01:00  INFO 59121 --- [locationService] [nio-9092-exec-6] c.a.l.Service.LocationService            : Location récupérée avec succès - ID: 2, Ville: rabat
2026-01-12T21:55:33.161+01:00  INFO 59121 --- [locationService] [nio-9092-exec-8] c.a.l.Controller.LocationController      : Requête GET /location/2 - Récupération de la location
2026-01-12T21:55:33.161+01:00  INFO 59121 --- [locationService] [nio-9092-exec-8] c.a.l.Service.LocationService            : Récupération de la location avec l'ID: 2
Hibernate: select l1_0.id,l1_0.ville from location l1_0 where l1_0.id=?
2026-01-12T21:55:33.166+01:00  INFO 59121 --- [locationService] [nio-9092-exec-8] c.a.l.Service.LocationService            : Location récupérée avec succès - ID: 2, Ville: rabat
2026-01-12T21:55:36.001+01:00  INFO 59121 --- [locationService] [nio-9092-exec-7] c.a.l.Controller.LocationController      : Requête GET /location/2 - Récupération de la location
2026-01-12T21:55:36.001+01:00  INFO 59121 --- [locationService] [nio-9092-exec-7] c.a.l.Service.LocationService            : Récupération de la location avec l'ID: 2
Hibernate: select l1_0.id,l1_0.ville from location l1_0 where l1_0.id=?
2026-01-12T21:55:36.005+01:00  INFO 59121 --- [locationService] [nio-9092-exec-7] c.a.l.Service.LocationService            : Location récupérée avec succès - ID: 2, Ville: rabat
2026-01-12T21:55:36.015+01:00  INFO 59121 --- [locationService] [nio-9092-exec-9] c.a.l.Controller.LocationController      : Requête GET /location/2 - Récupération de la location
2026-01-12T21:55:36.015+01:00  INFO 59121 --- [locationService] [nio-9092-exec-9] c.a.l.Service.LocationService            : Récupération de la location avec l'ID: 2
Hibernate: select l1_0.id,l1_0.ville from location l1_0 where l1_0.id=?
2026-01-12T21:55:36.019+01:00  INFO 59121 --- [locationService] [nio-9092-exec-9] c.a.l.Service.LocationService            : Location récupérée avec succès - ID: 2, Ville: rabat
2026-01-12T21:55:40.309+01:00  INFO 59121 --- [locationService] [io-9092-exec-10] c.a.l.Controller.LocationController      : Requête GET /location/2 - Récupération de la location
2026-01-12T21:55:40.310+01:00  INFO 59121 --- [locationService] [io-9092-exec-10] c.a.l.Service.LocationService            : Récupération de la location avec l'ID: 2
Hibernate: select l1_0.id,l1_0.ville from location l1_0 where l1_0.id=?
2026-01-12T21:55:40.317+01:00  INFO 59121 --- [locationService] [io-9092-exec-10] c.a.l.Service.LocationService            : Location récupérée avec succès - ID: 2, Ville: rabat
2026-01-12T21:55:40.335+01:00  INFO 59121 --- [locationService] [nio-9092-exec-1] c.a.l.Controller.LocationController      : Requête GET /location/2 - Récupération de la location
2026-01-12T21:55:40.335+01:00  INFO 59121 --- [locationService] [nio-9092-exec-1] c.a.l.Service.LocationService            : Récupération de la location avec l'ID: 2
Hibernate: select l1_0.id,l1_0.ville from location l1_0 where l1_0.id=?
2026-01-12T21:55:40.343+01:00  INFO 59121 --- [locationService] [nio-9092-exec-1] c.a.l.Service.LocationService            : Location récupérée avec succès - ID: 2, Ville: rabat
2026-01-12T21:55:40.361+01:00  INFO 59121 --- [locationService] [nio-9092-exec-2] c.a.l.Controller.LocationController      : Requête GET /location/2 - Récupération de la location
2026-01-12T21:55:40.361+01:00  INFO 59121 --- [locationService] [nio-9092-exec-2] c.a.l.Service.LocationService            : Récupération de la location avec l'ID: 2
Hibernate: select l1_0.id,l1_0.ville from location l1_0 where l1_0.id=?
2026-01-12T21:55:40.365+01:00  INFO 59121 --- [locationService] [nio-9092-exec-2] c.a.l.Service.LocationService            : Location récupérée avec succès - ID: 2, Ville: rabat
2026-01-12T21:55:40.375+01:00  INFO 59121 --- [locationService] [nio-9092-exec-3] c.a.l.Controller.LocationController      : Requête GET /location/2 - Récupération de la location
2026-01-12T21:55:40.375+01:00  INFO 59121 --- [locationService] [nio-9092-exec-3] c.a.l.Service.LocationService            : Récupération de la location avec l'ID: 2
Hibernate: select l1_0.id,l1_0.ville from location l1_0 where l1_0.id=?
2026-01-12T21:55:40.381+01:00  INFO 59121 --- [locationService] [nio-9092-exec-3] c.a.l.Service.LocationService            : Location récupérée avec succès - ID: 2, Ville: rabat
2026-01-12T21:55:40.395+01:00  INFO 59121 --- [locationService] [nio-9092-exec-4] c.a.l.Controller.LocationController      : Requête GET /location/2 - Récupération de la location
2026-01-12T21:55:40.395+01:00  INFO 59121 --- [locationService] [nio-9092-exec-4] c.a.l.Service.LocationService            : Récupération de la location avec l'ID: 2
Hibernate: select l1_0.id,l1_0.ville from location l1_0 where l1_0.id=?
2026-01-12T21:55:40.399+01:00  INFO 59121 --- [locationService] [nio-9092-exec-4] c.a.l.Service.LocationService            : Location récupérée avec succès - ID: 2, Ville: rabat
2026-01-12T21:55:40.410+01:00  INFO 59121 --- [locationService] [nio-9092-exec-5] c.a.l.Controller.LocationController      : Requête GET /location/2 - Récupération de la location
2026-01-12T21:55:40.410+01:00  INFO 59121 --- [locationService] [nio-9092-exec-5] c.a.l.Service.LocationService            : Récupération de la location avec l'ID: 2
Hibernate: select l1_0.id,l1_0.ville from location l1_0 where l1_0.id=?
2026-01-12T21:55:40.414+01:00  INFO 59121 --- [locationService] [nio-9092-exec-5] c.a.l.Service.LocationService            : Location récupérée avec succès - ID: 2, Ville: rabat
2026-01-12T21:55:48.283+01:00  INFO 59121 --- [locationService] [nio-9092-exec-6] c.a.l.Controller.LocationController      : Requête GET /location/2 - Récupération de la location
2026-01-12T21:55:48.283+01:00  INFO 59121 --- [locationService] [nio-9092-exec-6] c.a.l.Service.LocationService            : Récupération de la location avec l'ID: 2
Hibernate: select l1_0.id,l1_0.ville from location l1_0 where l1_0.id=?
2026-01-12T21:55:48.292+01:00  INFO 59121 --- [locationService] [nio-9092-exec-6] c.a.l.Service.LocationService            : Location récupérée avec succès - ID: 2, Ville: rabat
2026-01-12T21:55:48.341+01:00  INFO 59121 --- [locationService] [nio-9092-exec-8] c.a.l.Controller.LocationController      : Requête GET /location/2 - Récupération de la location
2026-01-12T21:55:48.341+01:00  INFO 59121 --- [locationService] [nio-9092-exec-8] c.a.l.Service.LocationService            : Récupération de la location avec l'ID: 2
Hibernate: select l1_0.id,l1_0.ville from location l1_0 where l1_0.id=?
2026-01-12T21:55:48.345+01:00  INFO 59121 --- [locationService] [nio-9092-exec-8] c.a.l.Service.LocationService            : Location récupérée avec succès - ID: 2, Ville: rabat
2026-01-12T21:55:48.357+01:00  INFO 59121 --- [locationService] [nio-9092-exec-7] c.a.l.Controller.LocationController      : Requête GET /location/2 - Récupération de la location
2026-01-12T21:55:48.357+01:00  INFO 59121 --- [locationService] [nio-9092-exec-7] c.a.l.Service.LocationService            : Récupération de la location avec l'ID: 2
Hibernate: select l1_0.id,l1_0.ville from location l1_0 where l1_0.id=?
2026-01-12T21:55:48.363+01:00  INFO 59121 --- [locationService] [nio-9092-exec-7] c.a.l.Service.LocationService            : Location récupérée avec succès - ID: 2, Ville: rabat
2026-01-12T21:55:48.380+01:00  INFO 59121 --- [locationService] [nio-9092-exec-9] c.a.l.Controller.LocationController      : Requête GET /location/2 - Récupération de la location
2026-01-12T21:55:48.380+01:00  INFO 59121 --- [locationService] [nio-9092-exec-9] c.a.l.Service.LocationService            : Récupération de la location avec l'ID: 2
Hibernate: select l1_0.id,l1_0.ville from location l1_0 where l1_0.id=?
2026-01-12T21:55:48.385+01:00  INFO 59121 --- [locationService] [nio-9092-exec-9] c.a.l.Service.LocationService            : Location récupérée avec succès - ID: 2, Ville: rabat
2026-01-12T21:55:48.394+01:00  INFO 59121 --- [locationService] [io-9092-exec-10] c.a.l.Controller.LocationController      : Requête GET /location/2 - Récupération de la location
2026-01-12T21:55:48.395+01:00  INFO 59121 --- [locationService] [io-9092-exec-10] c.a.l.Service.LocationService            : Récupération de la location avec l'ID: 2
Hibernate: select l1_0.id,l1_0.ville from location l1_0 where l1_0.id=?
2026-01-12T21:55:48.401+01:00  INFO 59121 --- [locationService] [io-9092-exec-10] c.a.l.Service.LocationService            : Location récupérée avec succès - ID: 2, Ville: rabat
2026-01-12T21:55:48.416+01:00  INFO 59121 --- [locationService] [nio-9092-exec-1] c.a.l.Controller.LocationController      : Requête GET /location/2 - Récupération de la location
2026-01-12T21:55:48.416+01:00  INFO 59121 --- [locationService] [nio-9092-exec-1] c.a.l.Service.LocationService            : Récupération de la location avec l'ID: 2
Hibernate: select l1_0.id,l1_0.ville from location l1_0 where l1_0.id=?
2026-01-12T21:55:48.422+01:00  INFO 59121 --- [locationService] [nio-9092-exec-1] c.a.l.Service.LocationService            : Location récupérée avec succès - ID: 2, Ville: rabat
2026-01-12T21:55:48.430+01:00  INFO 59121 --- [locationService] [nio-9092-exec-2] c.a.l.Controller.LocationController      : Requête GET /location/2 - Récupération de la location
2026-01-12T21:55:48.430+01:00  INFO 59121 --- [locationService] [nio-9092-exec-2] c.a.l.Service.LocationService            : Récupération de la location avec l'ID: 2
Hibernate: select l1_0.id,l1_0.ville from location l1_0 where l1_0.id=?
2026-01-12T21:55:48.438+01:00  INFO 59121 --- [locationService] [nio-9092-exec-2] c.a.l.Service.LocationService            : Location récupérée avec succès - ID: 2, Ville: rabat
2026-01-12T21:55:54.780+01:00  INFO 59121 --- [locationService] [nio-9092-exec-4] c.a.l.Controller.LocationController      : Requête GET /location/2 - Récupération de la location
2026-01-12T21:55:54.781+01:00  INFO 59121 --- [locationService] [nio-9092-exec-4] c.a.l.Service.LocationService            : Récupération de la location avec l'ID: 2
Hibernate: select l1_0.id,l1_0.ville from location l1_0 where l1_0.id=?
2026-01-12T21:55:54.787+01:00  INFO 59121 --- [locationService] [nio-9092-exec-4] c.a.l.Service.LocationService            : Location récupérée avec succès - ID: 2, Ville: rabat
2026-01-12T21:55:54.796+01:00  INFO 59121 --- [locationService] [nio-9092-exec-5] c.a.l.Controller.LocationController      : Requête GET /location/2 - Récupération de la location
2026-01-12T21:55:54.796+01:00  INFO 59121 --- [locationService] [nio-9092-exec-5] c.a.l.Service.LocationService            : Récupération de la location avec l'ID: 2
Hibernate: select l1_0.id,l1_0.ville from location l1_0 where l1_0.id=?
2026-01-12T21:55:54.802+01:00  INFO 59121 --- [locationService] [nio-9092-exec-5] c.a.l.Service.LocationService            : Location récupérée avec succès - ID: 2, Ville: rabat
2026-01-12T21:56:00.083+01:00  INFO 59121 --- [locationService] [nio-9092-exec-6] c.a.l.Controller.LocationController      : Requête GET /location/2 - Récupération de la location
2026-01-12T21:56:00.083+01:00  INFO 59121 --- [locationService] [nio-9092-exec-6] c.a.l.Service.LocationService            : Récupération de la location avec l'ID: 2
Hibernate: select l1_0.id,l1_0.ville from location l1_0 where l1_0.id=?
2026-01-12T21:56:00.087+01:00  INFO 59121 --- [locationService] [nio-9092-exec-6] c.a.l.Service.LocationService            : Location récupérée avec succès - ID: 2, Ville: rabat
2026-01-12T21:56:00.096+01:00  INFO 59121 --- [locationService] [nio-9092-exec-8] c.a.l.Controller.LocationController      : Requête GET /location/2 - Récupération de la location
2026-01-12T21:56:00.096+01:00  INFO 59121 --- [locationService] [nio-9092-exec-8] c.a.l.Service.LocationService            : Récupération de la location avec l'ID: 2
Hibernate: select l1_0.id,l1_0.ville from location l1_0 where l1_0.id=?
2026-01-12T21:56:00.100+01:00  INFO 59121 --- [locationService] [nio-9092-exec-8] c.a.l.Service.LocationService            : Location récupérée avec succès - ID: 2, Ville: rabat
2026-01-12T21:56:00.165+01:00  INFO 59121 --- [locationService] [nio-9092-exec-7] c.a.l.Controller.LocationController      : Requête GET /location/2 - Récupération de la location
2026-01-12T21:56:00.165+01:00  INFO 59121 --- [locationService] [nio-9092-exec-7] c.a.l.Service.LocationService            : Récupération de la location avec l'ID: 2
Hibernate: select l1_0.id,l1_0.ville from location l1_0 where l1_0.id=?
2026-01-12T21:56:00.169+01:00  INFO 59121 --- [locationService] [nio-9092-exec-7] c.a.l.Service.LocationService            : Location récupérée avec succès - ID: 2, Ville: rabat
2026-01-12T21:56:00.178+01:00  INFO 59121 --- [locationService] [nio-9092-exec-9] c.a.l.Controller.LocationController      : Requête GET /location/2 - Récupération de la location
2026-01-12T21:56:00.178+01:00  INFO 59121 --- [locationService] [nio-9092-exec-9] c.a.l.Service.LocationService            : Récupération de la location avec l'ID: 2
Hibernate: select l1_0.id,l1_0.ville from location l1_0 where l1_0.id=?
2026-01-12T21:56:00.182+01:00  INFO 59121 --- [locationService] [nio-9092-exec-9] c.a.l.Service.LocationService            : Location récupérée avec succès - ID: 2, Ville: rabat
2026-01-12T21:56:02.019+01:00  INFO 59121 --- [locationService] [io-9092-exec-10] c.a.l.Controller.LocationController      : Requête GET /location/2 - Récupération de la location
2026-01-12T21:56:02.019+01:00  INFO 59121 --- [locationService] [io-9092-exec-10] c.a.l.Service.LocationService            : Récupération de la location avec l'ID: 2
Hibernate: select l1_0.id,l1_0.ville from location l1_0 where l1_0.id=?
2026-01-12T21:56:02.024+01:00  INFO 59121 --- [locationService] [io-9092-exec-10] c.a.l.Service.LocationService            : Location récupérée avec succès - ID: 2, Ville: rabat
2026-01-12T21:56:02.032+01:00  INFO 59121 --- [locationService] [nio-9092-exec-1] c.a.l.Controller.LocationController      : Requête GET /location/2 - Récupération de la location
2026-01-12T21:56:02.032+01:00  INFO 59121 --- [locationService] [nio-9092-exec-1] c.a.l.Service.LocationService            : Récupération de la location avec l'ID: 2
Hibernate: select l1_0.id,l1_0.ville from location l1_0 where l1_0.id=?
2026-01-12T21:56:02.036+01:00  INFO 59121 --- [locationService] [nio-9092-exec-1] c.a.l.Service.LocationService            : Location récupérée avec succès - ID: 2, Ville: rabat
2026-01-12T21:56:02.097+01:00  INFO 59121 --- [locationService] [nio-9092-exec-2] c.a.l.Controller.LocationController      : Requête GET /location/2 - Récupération de la location
2026-01-12T21:56:02.097+01:00  INFO 59121 --- [locationService] [nio-9092-exec-2] c.a.l.Service.LocationService            : Récupération de la location avec l'ID: 2
Hibernate: select l1_0.id,l1_0.ville from location l1_0 where l1_0.id=?
2026-01-12T21:56:02.102+01:00  INFO 59121 --- [locationService] [nio-9092-exec-2] c.a.l.Service.LocationService            : Location récupérée avec succès - ID: 2, Ville: rabat
2026-01-12T21:56:02.110+01:00  INFO 59121 --- [locationService] [nio-9092-exec-3] c.a.l.Controller.LocationController      : Requête GET /location/2 - Récupération de la location
2026-01-12T21:56:02.111+01:00  INFO 59121 --- [locationService] [nio-9092-exec-3] c.a.l.Service.LocationService            : Récupération de la location avec l'ID: 2
Hibernate: select l1_0.id,l1_0.ville from location l1_0 where l1_0.id=?
2026-01-12T21:56:02.115+01:00  INFO 59121 --- [locationService] [nio-9092-exec-3] c.a.l.Service.LocationService            : Location récupérée avec succès - ID: 2, Ville: rabat
2026-01-12T21:56:04.685+01:00  INFO 59121 --- [locationService] [nio-9092-exec-4] c.a.l.Controller.LocationController      : Requête GET /location/2 - Récupération de la location
2026-01-12T21:56:04.685+01:00  INFO 59121 --- [locationService] [nio-9092-exec-4] c.a.l.Service.LocationService            : Récupération de la location avec l'ID: 2
Hibernate: select l1_0.id,l1_0.ville from location l1_0 where l1_0.id=?
2026-01-12T21:56:04.692+01:00  INFO 59121 --- [locationService] [nio-9092-exec-4] c.a.l.Service.LocationService            : Location récupérée avec succès - ID: 2, Ville: rabat
2026-01-12T21:56:04.715+01:00  INFO 59121 --- [locationService] [nio-9092-exec-5] c.a.l.Controller.LocationController      : Requête GET /location/2 - Récupération de la location
2026-01-12T21:56:04.715+01:00  INFO 59121 --- [locationService] [nio-9092-exec-5] c.a.l.Service.LocationService            : Récupération de la location avec l'ID: 2
Hibernate: select l1_0.id,l1_0.ville from location l1_0 where l1_0.id=?
2026-01-12T21:56:04.721+01:00  INFO 59121 --- [locationService] [nio-9092-exec-5] c.a.l.Service.LocationService            : Location récupérée avec succès - ID: 2, Ville: rabat
2026-01-12T21:56:04.740+01:00  INFO 59121 --- [locationService] [nio-9092-exec-6] c.a.l.Controller.LocationController      : Requête GET /location/2 - Récupération de la location
2026-01-12T21:56:04.740+01:00  INFO 59121 --- [locationService] [nio-9092-exec-6] c.a.l.Service.LocationService            : Récupération de la location avec l'ID: 2
Hibernate: select l1_0.id,l1_0.ville from location l1_0 where l1_0.id=?
2026-01-12T21:56:04.746+01:00  INFO 59121 --- [locationService] [nio-9092-exec-6] c.a.l.Service.LocationService            : Location récupérée avec succès - ID: 2, Ville: rabat
2026-01-12T21:56:04.756+01:00  INFO 59121 --- [locationService] [nio-9092-exec-8] c.a.l.Controller.LocationController      : Requête GET /location/2 - Récupération de la location
2026-01-12T21:56:04.757+01:00  INFO 59121 --- [locationService] [nio-9092-exec-8] c.a.l.Service.LocationService            : Récupération de la location avec l'ID: 2
Hibernate: select l1_0.id,l1_0.ville from location l1_0 where l1_0.id=?
2026-01-12T21:56:04.763+01:00  INFO 59121 --- [locationService] [nio-9092-exec-8] c.a.l.Service.LocationService            : Location récupérée avec succès - ID: 2, Ville: rabat
2026-01-12T21:56:04.780+01:00  INFO 59121 --- [locationService] [nio-9092-exec-7] c.a.l.Controller.LocationController      : Requête GET /location/2 - Récupération de la location
2026-01-12T21:56:04.780+01:00  INFO 59121 --- [locationService] [nio-9092-exec-7] c.a.l.Service.LocationService            : Récupération de la location avec l'ID: 2
Hibernate: select l1_0.id,l1_0.ville from location l1_0 where l1_0.id=?
2026-01-12T21:56:04.786+01:00  INFO 59121 --- [locationService] [nio-9092-exec-7] c.a.l.Service.LocationService            : Location récupérée avec succès - ID: 2, Ville: rabat
2026-01-12T21:56:04.797+01:00  INFO 59121 --- [locationService] [nio-9092-exec-9] c.a.l.Controller.LocationController      : Requête GET /location/2 - Récupération de la location
2026-01-12T21:56:04.797+01:00  INFO 59121 --- [locationService] [nio-9092-exec-9] c.a.l.Service.LocationService            : Récupération de la location avec l'ID: 2
Hibernate: select l1_0.id,l1_0.ville from location l1_0 where l1_0.id=?
2026-01-12T21:56:04.801+01:00  INFO 59121 --- [locationService] [nio-9092-exec-9] c.a.l.Service.LocationService            : Location récupérée avec succès - ID: 2, Ville: rabat
2026-01-12T21:56:06.132+01:00  INFO 59121 --- [locationService] [io-9092-exec-10] c.a.l.Controller.LocationController      : Requête GET /location/2 - Récupération de la location
2026-01-12T21:56:06.132+01:00  INFO 59121 --- [locationService] [io-9092-exec-10] c.a.l.Service.LocationService            : Récupération de la location avec l'ID: 2
Hibernate: select l1_0.id,l1_0.ville from location l1_0 where l1_0.id=?
2026-01-12T21:56:06.139+01:00  INFO 59121 --- [locationService] [io-9092-exec-10] c.a.l.Service.LocationService            : Location récupérée avec succès - ID: 2, Ville: rabat
2026-01-12T21:56:06.151+01:00  INFO 59121 --- [locationService] [nio-9092-exec-1] c.a.l.Controller.LocationController      : Requête GET /location/2 - Récupération de la location
2026-01-12T21:56:06.151+01:00  INFO 59121 --- [locationService] [nio-9092-exec-1] c.a.l.Service.LocationService            : Récupération de la location avec l'ID: 2
Hibernate: select l1_0.id,l1_0.ville from location l1_0 where l1_0.id=?
2026-01-12T21:56:06.157+01:00  INFO 59121 --- [locationService] [nio-9092-exec-1] c.a.l.Service.LocationService            : Location récupérée avec succès - ID: 2, Ville: rabat
2026-01-12T21:56:06.175+01:00  INFO 59121 --- [locationService] [nio-9092-exec-2] c.a.l.Controller.LocationController      : Requête GET /location/2 - Récupération de la location
2026-01-12T21:56:06.175+01:00  INFO 59121 --- [locationService] [nio-9092-exec-2] c.a.l.Service.LocationService            : Récupération de la location avec l'ID: 2
Hibernate: select l1_0.id,l1_0.ville from location l1_0 where l1_0.id=?
2026-01-12T21:56:06.183+01:00  INFO 59121 --- [locationService] [nio-9092-exec-2] c.a.l.Service.LocationService            : Location récupérée avec succès - ID: 2, Ville: rabat
2026-01-12T21:56:06.194+01:00  INFO 59121 --- [locationService] [nio-9092-exec-3] c.a.l.Controller.LocationController      : Requête GET /location/2 - Récupération de la location
2026-01-12T21:56:06.194+01:00  INFO 59121 --- [locationService] [nio-9092-exec-3] c.a.l.Service.LocationService            : Récupération de la location avec l'ID: 2
Hibernate: select l1_0.id,l1_0.ville from location l1_0 where l1_0.id=?
2026-01-12T21:56:06.198+01:00  INFO 59121 --- [locationService] [nio-9092-exec-3] c.a.l.Service.LocationService            : Location récupérée avec succès - ID: 2, Ville: rabat
2026-01-12T21:56:06.212+01:00  INFO 59121 --- [locationService] [nio-9092-exec-4] c.a.l.Controller.LocationController      : Requête GET /location/2 - Récupération de la location
2026-01-12T21:56:06.212+01:00  INFO 59121 --- [locationService] [nio-9092-exec-4] c.a.l.Service.LocationService            : Récupération de la location avec l'ID: 2
Hibernate: select l1_0.id,l1_0.ville from location l1_0 where l1_0.id=?
2026-01-12T21:56:06.216+01:00  INFO 59121 --- [locationService] [nio-9092-exec-4] c.a.l.Service.LocationService            : Location récupérée avec succès - ID: 2, Ville: rabat
2026-01-12T21:56:06.225+01:00  INFO 59121 --- [locationService] [nio-9092-exec-5] c.a.l.Controller.LocationController      : Requête GET /location/2 - Récupération de la location
2026-01-12T21:56:06.225+01:00  INFO 59121 --- [locationService] [nio-9092-exec-5] c.a.l.Service.LocationService            : Récupération de la location avec l'ID: 2
Hibernate: select l1_0.id,l1_0.ville from location l1_0 where l1_0.id=?
2026-01-12T21:56:06.230+01:00  INFO 59121 --- [locationService] [nio-9092-exec-5] c.a.l.Service.LocationService            : Location récupérée avec succès - ID: 2, Ville: rabat
2026-01-12T21:56:09.412+01:00  INFO 59121 --- [locationService] [nio-9092-exec-6] c.a.l.Controller.LocationController      : Requête GET /location/2 - Récupération de la location
2026-01-12T21:56:09.412+01:00  INFO 59121 --- [locationService] [nio-9092-exec-6] c.a.l.Service.LocationService            : Récupération de la location avec l'ID: 2
Hibernate: select l1_0.id,l1_0.ville from location l1_0 where l1_0.id=?
2026-01-12T21:56:09.417+01:00  INFO 59121 --- [locationService] [nio-9092-exec-6] c.a.l.Service.LocationService            : Location récupérée avec succès - ID: 2, Ville: rabat
2026-01-12T21:56:09.465+01:00  INFO 59121 --- [locationService] [nio-9092-exec-8] c.a.l.Controller.LocationController      : Requête GET /location/2 - Récupération de la location
2026-01-12T21:56:09.465+01:00  INFO 59121 --- [locationService] [nio-9092-exec-8] c.a.l.Service.LocationService            : Récupération de la location avec l'ID: 2
Hibernate: select l1_0.id,l1_0.ville from location l1_0 where l1_0.id=?
2026-01-12T21:56:09.470+01:00  INFO 59121 --- [locationService] [nio-9092-exec-8] c.a.l.Service.LocationService            : Location récupérée avec succès - ID: 2, Ville: rabat
2026-01-12T21:56:09.478+01:00  INFO 59121 --- [locationService] [nio-9092-exec-7] c.a.l.Controller.LocationController      : Requête GET /location/2 - Récupération de la location
2026-01-12T21:56:09.478+01:00  INFO 59121 --- [locationService] [nio-9092-exec-7] c.a.l.Service.LocationService            : Récupération de la location avec l'ID: 2
Hibernate: select l1_0.id,l1_0.ville from location l1_0 where l1_0.id=?
2026-01-12T21:56:09.487+01:00  INFO 59121 --- [locationService] [nio-9092-exec-7] c.a.l.Service.LocationService            : Location récupérée avec succès - ID: 2, Ville: rabat
2026-01-12T21:56:09.502+01:00  INFO 59121 --- [locationService] [nio-9092-exec-9] c.a.l.Controller.LocationController      : Requête GET /location/2 - Récupération de la location
2026-01-12T21:56:09.502+01:00  INFO 59121 --- [locationService] [nio-9092-exec-9] c.a.l.Service.LocationService            : Récupération de la location avec l'ID: 2
Hibernate: select l1_0.id,l1_0.ville from location l1_0 where l1_0.id=?
2026-01-12T21:56:09.506+01:00  INFO 59121 --- [locationService] [nio-9092-exec-9] c.a.l.Service.LocationService            : Location récupérée avec succès - ID: 2, Ville: rabat
2026-01-12T21:56:09.514+01:00  INFO 59121 --- [locationService] [io-9092-exec-10] c.a.l.Controller.LocationController      : Requête GET /location/2 - Récupération de la location
2026-01-12T21:56:09.514+01:00  INFO 59121 --- [locationService] [io-9092-exec-10] c.a.l.Service.LocationService            : Récupération de la location avec l'ID: 2
Hibernate: select l1_0.id,l1_0.ville from location l1_0 where l1_0.id=?
2026-01-12T21:56:09.517+01:00  INFO 59121 --- [locationService] [io-9092-exec-10] c.a.l.Service.LocationService            : Location récupérée avec succès - ID: 2, Ville: rabat
2026-01-12T21:56:09.530+01:00  INFO 59121 --- [locationService] [nio-9092-exec-1] c.a.l.Controller.LocationController      : Requête GET /location/2 - Récupération de la location
2026-01-12T21:56:09.530+01:00  INFO 59121 --- [locationService] [nio-9092-exec-1] c.a.l.Service.LocationService            : Récupération de la location avec l'ID: 2
Hibernate: select l1_0.id,l1_0.ville from location l1_0 where l1_0.id=?
2026-01-12T21:56:09.533+01:00  INFO 59121 --- [locationService] [nio-9092-exec-1] c.a.l.Service.LocationService            : Location récupérée avec succès - ID: 2, Ville: rabat
2026-01-12T21:56:09.541+01:00  INFO 59121 --- [locationService] [nio-9092-exec-2] c.a.l.Controller.LocationController      : Requête GET /location/2 - Récupération de la location
2026-01-12T21:56:09.542+01:00  INFO 59121 --- [locationService] [nio-9092-exec-2] c.a.l.Service.LocationService            : Récupération de la location avec l'ID: 2
Hibernate: select l1_0.id,l1_0.ville from location l1_0 where l1_0.id=?
2026-01-12T21:56:09.547+01:00  INFO 59121 --- [locationService] [nio-9092-exec-2] c.a.l.Service.LocationService            : Location récupérée avec succès - ID: 2, Ville: rabat
2026-01-12T21:56:14.446+01:00  INFO 59121 --- [locationService] [nio-9092-exec-3] c.a.l.Controller.LocationController      : Requête GET /location/2 - Récupération de la location
2026-01-12T21:56:14.446+01:00  INFO 59121 --- [locationService] [nio-9092-exec-3] c.a.l.Service.LocationService            : Récupération de la location avec l'ID: 2
Hibernate: select l1_0.id,l1_0.ville from location l1_0 where l1_0.id=?
2026-01-12T21:56:14.455+01:00  INFO 59121 --- [locationService] [nio-9092-exec-3] c.a.l.Service.LocationService            : Location récupérée avec succès - ID: 2, Ville: rabat
2026-01-12T21:56:14.466+01:00  INFO 59121 --- [locationService] [nio-9092-exec-4] c.a.l.Controller.LocationController      : Requête GET /location/2 - Récupération de la location
2026-01-12T21:56:14.466+01:00  INFO 59121 --- [locationService] [nio-9092-exec-4] c.a.l.Service.LocationService            : Récupération de la location avec l'ID: 2
Hibernate: select l1_0.id,l1_0.ville from location l1_0 where l1_0.id=?
2026-01-12T21:56:14.470+01:00  INFO 59121 --- [locationService] [nio-9092-exec-4] c.a.l.Service.LocationService            : Location récupérée avec succès - ID: 2, Ville: rabat
2026-01-12T21:56:14.485+01:00  INFO 59121 --- [locationService] [nio-9092-exec-5] c.a.l.Controller.LocationController      : Requête GET /location/2 - Récupération de la location
2026-01-12T21:56:14.485+01:00  INFO 59121 --- [locationService] [nio-9092-exec-5] c.a.l.Service.LocationService            : Récupération de la location avec l'ID: 2
Hibernate: select l1_0.id,l1_0.ville from location l1_0 where l1_0.id=?
2026-01-12T21:56:14.490+01:00  INFO 59121 --- [locationService] [nio-9092-exec-5] c.a.l.Service.LocationService            : Location récupérée avec succès - ID: 2, Ville: rabat
2026-01-12T21:56:14.500+01:00  INFO 59121 --- [locationService] [nio-9092-exec-6] c.a.l.Controller.LocationController      : Requête GET /location/2 - Récupération de la location
2026-01-12T21:56:14.500+01:00  INFO 59121 --- [locationService] [nio-9092-exec-6] c.a.l.Service.LocationService            : Récupération de la location avec l'ID: 2
Hibernate: select l1_0.id,l1_0.ville from location l1_0 where l1_0.id=?
2026-01-12T21:56:14.504+01:00  INFO 59121 --- [locationService] [nio-9092-exec-6] c.a.l.Service.LocationService            : Location récupérée avec succès - ID: 2, Ville: rabat
2026-01-12T21:56:14.519+01:00  INFO 59121 --- [locationService] [nio-9092-exec-8] c.a.l.Controller.LocationController      : Requête GET /location/2 - Récupération de la location
2026-01-12T21:56:14.519+01:00  INFO 59121 --- [locationService] [nio-9092-exec-8] c.a.l.Service.LocationService            : Récupération de la location avec l'ID: 2
Hibernate: select l1_0.id,l1_0.ville from location l1_0 where l1_0.id=?
2026-01-12T21:56:14.525+01:00  INFO 59121 --- [locationService] [nio-9092-exec-8] c.a.l.Service.LocationService            : Location récupérée avec succès - ID: 2, Ville: rabat
2026-01-12T21:56:14.533+01:00  INFO 59121 --- [locationService] [nio-9092-exec-7] c.a.l.Controller.LocationController      : Requête GET /location/2 - Récupération de la location
2026-01-12T21:56:14.533+01:00  INFO 59121 --- [locationService] [nio-9092-exec-7] c.a.l.Service.LocationService            : Récupération de la location avec l'ID: 2
Hibernate: select l1_0.id,l1_0.ville from location l1_0 where l1_0.id=?
2026-01-12T21:56:14.540+01:00  INFO 59121 --- [locationService] [nio-9092-exec-7] c.a.l.Service.LocationService            : Location récupérée avec succès - ID: 2, Ville: rabat
2026-01-12T21:56:16.611+01:00  INFO 59121 --- [locationService] [nio-9092-exec-9] c.a.l.Controller.LocationController      : Requête GET /location/2 - Récupération de la location
2026-01-12T21:56:16.611+01:00  INFO 59121 --- [locationService] [nio-9092-exec-9] c.a.l.Service.LocationService            : Récupération de la location avec l'ID: 2
Hibernate: select l1_0.id,l1_0.ville from location l1_0 where l1_0.id=?
2026-01-12T21:56:16.616+01:00  INFO 59121 --- [locationService] [nio-9092-exec-9] c.a.l.Service.LocationService            : Location récupérée avec succès - ID: 2, Ville: rabat
2026-01-12T21:56:16.631+01:00  INFO 59121 --- [locationService] [io-9092-exec-10] c.a.l.Controller.LocationController      : Requête GET /location/2 - Récupération de la location
2026-01-12T21:56:16.631+01:00  INFO 59121 --- [locationService] [io-9092-exec-10] c.a.l.Service.LocationService            : Récupération de la location avec l'ID: 2
Hibernate: select l1_0.id,l1_0.ville from location l1_0 where l1_0.id=?
2026-01-12T21:56:16.636+01:00  INFO 59121 --- [locationService] [io-9092-exec-10] c.a.l.Service.LocationService            : Location récupérée avec succès - ID: 2, Ville: rabat
2026-01-12T21:56:16.653+01:00  INFO 59121 --- [locationService] [nio-9092-exec-1] c.a.l.Controller.LocationController      : Requête GET /location/2 - Récupération de la location
2026-01-12T21:56:16.653+01:00  INFO 59121 --- [locationService] [nio-9092-exec-1] c.a.l.Service.LocationService            : Récupération de la location avec l'ID: 2
Hibernate: select l1_0.id,l1_0.ville from location l1_0 where l1_0.id=?
2026-01-12T21:56:16.658+01:00  INFO 59121 --- [locationService] [nio-9092-exec-1] c.a.l.Service.LocationService            : Location récupérée avec succès - ID: 2, Ville: rabat
2026-01-12T21:56:16.669+01:00  INFO 59121 --- [locationService] [nio-9092-exec-2] c.a.l.Controller.LocationController      : Requête GET /location/2 - Récupération de la location
2026-01-12T21:56:16.669+01:00  INFO 59121 --- [locationService] [nio-9092-exec-2] c.a.l.Service.LocationService            : Récupération de la location avec l'ID: 2
Hibernate: select l1_0.id,l1_0.ville from location l1_0 where l1_0.id=?
2026-01-12T21:56:16.674+01:00  INFO 59121 --- [locationService] [nio-9092-exec-2] c.a.l.Service.LocationService            : Location récupérée avec succès - ID: 2, Ville: rabat
2026-01-12T21:56:16.689+01:00  INFO 59121 --- [locationService] [nio-9092-exec-3] c.a.l.Controller.LocationController      : Requête GET /location/2 - Récupération de la location
2026-01-12T21:56:16.689+01:00  INFO 59121 --- [locationService] [nio-9092-exec-3] c.a.l.Service.LocationService            : Récupération de la location avec l'ID: 2
Hibernate: select l1_0.id,l1_0.ville from location l1_0 where l1_0.id=?
2026-01-12T21:56:16.693+01:00  INFO 59121 --- [locationService] [nio-9092-exec-3] c.a.l.Service.LocationService            : Location récupérée avec succès - ID: 2, Ville: rabat
2026-01-12T21:56:16.703+01:00  INFO 59121 --- [locationService] [nio-9092-exec-4] c.a.l.Controller.LocationController      : Requête GET /location/2 - Récupération de la location
2026-01-12T21:56:16.703+01:00  INFO 59121 --- [locationService] [nio-9092-exec-4] c.a.l.Service.LocationService            : Récupération de la location avec l'ID: 2
Hibernate: select l1_0.id,l1_0.ville from location l1_0 where l1_0.id=?
2026-01-12T21:56:16.709+01:00  INFO 59121 --- [locationService] [nio-9092-exec-4] c.a.l.Service.LocationService            : Location récupérée avec succès - ID: 2, Ville: rabat
2026-01-12T21:56:32.018+01:00  INFO 59121 --- [locationService] [nio-9092-exec-5] c.a.l.Controller.LocationController      : Requête GET /location/2 - Récupération de la location
2026-01-12T21:56:32.019+01:00  INFO 59121 --- [locationService] [nio-9092-exec-5] c.a.l.Service.LocationService            : Récupération de la location avec l'ID: 2
Hibernate: select l1_0.id,l1_0.ville from location l1_0 where l1_0.id=?
2026-01-12T21:56:32.025+01:00  INFO 59121 --- [locationService] [nio-9092-exec-5] c.a.l.Service.LocationService            : Location récupérée avec succès - ID: 2, Ville: rabat
2026-01-12T21:56:32.035+01:00  INFO 59121 --- [locationService] [nio-9092-exec-6] c.a.l.Controller.LocationController      : Requête GET /location/2 - Récupération de la location
2026-01-12T21:56:32.035+01:00  INFO 59121 --- [locationService] [nio-9092-exec-6] c.a.l.Service.LocationService            : Récupération de la location avec l'ID: 2
Hibernate: select l1_0.id,l1_0.ville from location l1_0 where l1_0.id=?
2026-01-12T21:56:32.039+01:00  INFO 59121 --- [locationService] [nio-9092-exec-6] c.a.l.Service.LocationService            : Location récupérée avec succès - ID: 2, Ville: rabat
2026-01-12T21:56:34.147+01:00  INFO 59121 --- [locationService] [nio-9092-exec-8] c.a.l.Controller.LocationController      : Requête GET /location/2 - Récupération de la location
2026-01-12T21:56:34.147+01:00  INFO 59121 --- [locationService] [nio-9092-exec-8] c.a.l.Service.LocationService            : Récupération de la location avec l'ID: 2
Hibernate: select l1_0.id,l1_0.ville from location l1_0 where l1_0.id=?
2026-01-12T21:56:34.155+01:00  INFO 59121 --- [locationService] [nio-9092-exec-8] c.a.l.Service.LocationService            : Location récupérée avec succès - ID: 2, Ville: rabat
2026-01-12T21:56:34.172+01:00  INFO 59121 --- [locationService] [nio-9092-exec-7] c.a.l.Controller.LocationController      : Requête GET /location/2 - Récupération de la location
2026-01-12T21:56:34.172+01:00  INFO 59121 --- [locationService] [nio-9092-exec-7] c.a.l.Service.LocationService            : Récupération de la location avec l'ID: 2
Hibernate: select l1_0.id,l1_0.ville from location l1_0 where l1_0.id=?
2026-01-12T21:56:34.179+01:00  INFO 59121 --- [locationService] [nio-9092-exec-7] c.a.l.Service.LocationService            : Location récupérée avec succès - ID: 2, Ville: rabat
2026-01-12T21:56:34.241+01:00  INFO 59121 --- [locationService] [nio-9092-exec-9] c.a.l.Controller.LocationController      : Requête GET /location/2 - Récupération de la location
2026-01-12T21:56:34.241+01:00  INFO 59121 --- [locationService] [nio-9092-exec-9] c.a.l.Service.LocationService            : Récupération de la location avec l'ID: 2
Hibernate: select l1_0.id,l1_0.ville from location l1_0 where l1_0.id=?
2026-01-12T21:56:34.248+01:00  INFO 59121 --- [locationService] [nio-9092-exec-9] c.a.l.Service.LocationService            : Location récupérée avec succès - ID: 2, Ville: rabat
2026-01-12T21:56:34.259+01:00  INFO 59121 --- [locationService] [io-9092-exec-10] c.a.l.Controller.LocationController      : Requête GET /location/2 - Récupération de la location
2026-01-12T21:56:34.259+01:00  INFO 59121 --- [locationService] [io-9092-exec-10] c.a.l.Service.LocationService            : Récupération de la location avec l'ID: 2
Hibernate: select l1_0.id,l1_0.ville from location l1_0 where l1_0.id=?
2026-01-12T21:56:34.263+01:00  INFO 59121 --- [locationService] [io-9092-exec-10] c.a.l.Service.LocationService            : Location récupérée avec succès - ID: 2, Ville: rabat
2026-01-12T21:56:38.471+01:00  INFO 59121 --- [locationService] [nio-9092-exec-1] c.a.l.Controller.LocationController      : Requête GET /location/2 - Récupération de la location
2026-01-12T21:56:38.472+01:00  INFO 59121 --- [locationService] [nio-9092-exec-1] c.a.l.Service.LocationService            : Récupération de la location avec l'ID: 2
Hibernate: select l1_0.id,l1_0.ville from location l1_0 where l1_0.id=?
2026-01-12T21:56:38.483+01:00  INFO 59121 --- [locationService] [nio-9092-exec-1] c.a.l.Service.LocationService            : Location récupérée avec succès - ID: 2, Ville: rabat
2026-01-12T21:56:38.502+01:00  INFO 59121 --- [locationService] [nio-9092-exec-2] c.a.l.Controller.LocationController      : Requête GET /location/2 - Récupération de la location
2026-01-12T21:56:38.502+01:00  INFO 59121 --- [locationService] [nio-9092-exec-2] c.a.l.Service.LocationService            : Récupération de la location avec l'ID: 2
Hibernate: select l1_0.id,l1_0.ville from location l1_0 where l1_0.id=?
2026-01-12T21:56:38.509+01:00  INFO 59121 --- [locationService] [nio-9092-exec-2] c.a.l.Service.LocationService            : Location récupérée avec succès - ID: 2, Ville: rabat
2026-01-12T21:56:38.574+01:00  INFO 59121 --- [locationService] [nio-9092-exec-3] c.a.l.Controller.LocationController      : Requête GET /location/2 - Récupération de la location
2026-01-12T21:56:38.574+01:00  INFO 59121 --- [locationService] [nio-9092-exec-3] c.a.l.Service.LocationService            : Récupération de la location avec l'ID: 2
Hibernate: select l1_0.id,l1_0.ville from location l1_0 where l1_0.id=?
2026-01-12T21:56:38.579+01:00  INFO 59121 --- [locationService] [nio-9092-exec-3] c.a.l.Service.LocationService            : Location récupérée avec succès - ID: 2, Ville: rabat
2026-01-12T21:56:38.587+01:00  INFO 59121 --- [locationService] [nio-9092-exec-4] c.a.l.Controller.LocationController      : Requête GET /location/2 - Récupération de la location
2026-01-12T21:56:38.587+01:00  INFO 59121 --- [locationService] [nio-9092-exec-4] c.a.l.Service.LocationService            : Récupération de la location avec l'ID: 2
Hibernate: select l1_0.id,l1_0.ville from location l1_0 where l1_0.id=?
2026-01-12T21:56:38.590+01:00  INFO 59121 --- [locationService] [nio-9092-exec-4] c.a.l.Service.LocationService            : Location récupérée avec succès - ID: 2, Ville: rabat
2026-01-12T21:58:05.131+01:00  INFO 59121 --- [locationService] [nio-9092-exec-8] c.a.l.Controller.LocationController      : Requête GET /location/2 - Récupération de la location
2026-01-12T21:58:05.132+01:00  INFO 59121 --- [locationService] [nio-9092-exec-8] c.a.l.Service.LocationService            : Récupération de la location avec l'ID: 2
Hibernate: select l1_0.id,l1_0.ville from location l1_0 where l1_0.id=?
2026-01-12T21:58:05.148+01:00  INFO 59121 --- [locationService] [nio-9092-exec-8] c.a.l.Service.LocationService            : Location récupérée avec succès - ID: 2, Ville: rabat
2026-01-12T21:58:05.179+01:00  INFO 59121 --- [locationService] [nio-9092-exec-7] c.a.l.Controller.LocationController      : Requête GET /location/2 - Récupération de la location
2026-01-12T21:58:05.180+01:00  INFO 59121 --- [locationService] [nio-9092-exec-7] c.a.l.Service.LocationService            : Récupération de la location avec l'ID: 2
Hibernate: select l1_0.id,l1_0.ville from location l1_0 where l1_0.id=?
2026-01-12T21:58:05.186+01:00  INFO 59121 --- [locationService] [nio-9092-exec-7] c.a.l.Service.LocationService            : Location récupérée avec succès - ID: 2, Ville: rabat
2026-01-12T21:58:06.415+01:00  INFO 59121 --- [locationService] [nio-9092-exec-9] c.a.l.Controller.LocationController      : Requête GET /location/2 - Récupération de la location
2026-01-12T21:58:06.415+01:00  INFO 59121 --- [locationService] [nio-9092-exec-9] c.a.l.Service.LocationService            : Récupération de la location avec l'ID: 2
Hibernate: select l1_0.id,l1_0.ville from location l1_0 where l1_0.id=?
2026-01-12T21:58:06.420+01:00  INFO 59121 --- [locationService] [nio-9092-exec-9] c.a.l.Service.LocationService            : Location récupérée avec succès - ID: 2, Ville: rabat
2026-01-12T21:58:06.432+01:00  INFO 59121 --- [locationService] [io-9092-exec-10] c.a.l.Controller.LocationController      : Requête GET /location/2 - Récupération de la location
2026-01-12T21:58:06.432+01:00  INFO 59121 --- [locationService] [io-9092-exec-10] c.a.l.Service.LocationService            : Récupération de la location avec l'ID: 2
Hibernate: select l1_0.id,l1_0.ville from location l1_0 where l1_0.id=?
2026-01-12T21:58:06.438+01:00  INFO 59121 --- [locationService] [io-9092-exec-10] c.a.l.Service.LocationService            : Location récupérée avec succès - ID: 2, Ville: rabat
2026-01-12T21:58:08.284+01:00  INFO 59121 --- [locationService] [nio-9092-exec-1] c.a.l.Controller.LocationController      : Requête GET /location/2 - Récupération de la location
2026-01-12T21:58:08.284+01:00  INFO 59121 --- [locationService] [nio-9092-exec-1] c.a.l.Service.LocationService            : Récupération de la location avec l'ID: 2
Hibernate: select l1_0.id,l1_0.ville from location l1_0 where l1_0.id=?
2026-01-12T21:58:08.293+01:00  INFO 59121 --- [locationService] [nio-9092-exec-1] c.a.l.Service.LocationService            : Location récupérée avec succès - ID: 2, Ville: rabat
2026-01-12T21:58:08.309+01:00  INFO 59121 --- [locationService] [nio-9092-exec-2] c.a.l.Controller.LocationController      : Requête GET /location/2 - Récupération de la location
2026-01-12T21:58:08.310+01:00  INFO 59121 --- [locationService] [nio-9092-exec-2] c.a.l.Service.LocationService            : Récupération de la location avec l'ID: 2
Hibernate: select l1_0.id,l1_0.ville from location l1_0 where l1_0.id=?
2026-01-12T21:58:08.314+01:00  INFO 59121 --- [locationService] [nio-9092-exec-2] c.a.l.Service.LocationService            : Location récupérée avec succès - ID: 2, Ville: rabat
2026-01-12T21:58:08.369+01:00  INFO 59121 --- [locationService] [nio-9092-exec-3] c.a.l.Controller.LocationController      : Requête GET /location/2 - Récupération de la location
2026-01-12T21:58:08.369+01:00  INFO 59121 --- [locationService] [nio-9092-exec-3] c.a.l.Service.LocationService            : Récupération de la location avec l'ID: 2
Hibernate: select l1_0.id,l1_0.ville from location l1_0 where l1_0.id=?
2026-01-12T21:58:08.378+01:00  INFO 59121 --- [locationService] [nio-9092-exec-3] c.a.l.Service.LocationService            : Location récupérée avec succès - ID: 2, Ville: rabat
2026-01-12T21:58:08.386+01:00  INFO 59121 --- [locationService] [nio-9092-exec-4] c.a.l.Controller.LocationController      : Requête GET /location/2 - Récupération de la location
2026-01-12T21:58:08.386+01:00  INFO 59121 --- [locationService] [nio-9092-exec-4] c.a.l.Service.LocationService            : Récupération de la location avec l'ID: 2
Hibernate: select l1_0.id,l1_0.ville from location l1_0 where l1_0.id=?
2026-01-12T21:58:08.391+01:00  INFO 59121 --- [locationService] [nio-9092-exec-4] c.a.l.Service.LocationService            : Location récupérée avec succès - ID: 2, Ville: rabat
2026-01-12T21:58:10.261+01:00  INFO 59121 --- [locationService] [nio-9092-exec-5] c.a.l.Controller.LocationController      : Requête GET /location/2 - Récupération de la location
2026-01-12T21:58:10.262+01:00  INFO 59121 --- [locationService] [nio-9092-exec-5] c.a.l.Service.LocationService            : Récupération de la location avec l'ID: 2
Hibernate: select l1_0.id,l1_0.ville from location l1_0 where l1_0.id=?
2026-01-12T21:58:10.267+01:00  INFO 59121 --- [locationService] [nio-9092-exec-5] c.a.l.Service.LocationService            : Location récupérée avec succès - ID: 2, Ville: rabat
2026-01-12T21:58:10.311+01:00  INFO 59121 --- [locationService] [nio-9092-exec-6] c.a.l.Controller.LocationController      : Requête GET /location/2 - Récupération de la location
2026-01-12T21:58:10.311+01:00  INFO 59121 --- [locationService] [nio-9092-exec-6] c.a.l.Service.LocationService            : Récupération de la location avec l'ID: 2
Hibernate: select l1_0.id,l1_0.ville from location l1_0 where l1_0.id=?
2026-01-12T21:58:10.315+01:00  INFO 59121 --- [locationService] [nio-9092-exec-6] c.a.l.Service.LocationService            : Location récupérée avec succès - ID: 2, Ville: rabat
2026-01-12T21:58:10.324+01:00  INFO 59121 --- [locationService] [nio-9092-exec-8] c.a.l.Controller.LocationController      : Requête GET /location/2 - Récupération de la location
2026-01-12T21:58:10.324+01:00  INFO 59121 --- [locationService] [nio-9092-exec-8] c.a.l.Service.LocationService            : Récupération de la location avec l'ID: 2
Hibernate: select l1_0.id,l1_0.ville from location l1_0 where l1_0.id=?
2026-01-12T21:58:10.329+01:00  INFO 59121 --- [locationService] [nio-9092-exec-8] c.a.l.Service.LocationService            : Location récupérée avec succès - ID: 2, Ville: rabat
2026-01-12T21:58:10.390+01:00  INFO 59121 --- [locationService] [nio-9092-exec-7] c.a.l.Controller.LocationController      : Requête GET /location/2 - Récupération de la location
2026-01-12T21:58:10.390+01:00  INFO 59121 --- [locationService] [nio-9092-exec-7] c.a.l.Service.LocationService            : Récupération de la location avec l'ID: 2
Hibernate: select l1_0.id,l1_0.ville from location l1_0 where l1_0.id=?
2026-01-12T21:58:10.393+01:00  INFO 59121 --- [locationService] [nio-9092-exec-7] c.a.l.Service.LocationService            : Location récupérée avec succès - ID: 2, Ville: rabat
2026-01-12T21:58:10.406+01:00  INFO 59121 --- [locationService] [nio-9092-exec-9] c.a.l.Controller.LocationController      : Requête GET /location/2 - Récupération de la location
2026-01-12T21:58:10.406+01:00  INFO 59121 --- [locationService] [nio-9092-exec-9] c.a.l.Service.LocationService            : Récupération de la location avec l'ID: 2
Hibernate: select l1_0.id,l1_0.ville from location l1_0 where l1_0.id=?
2026-01-12T21:58:10.410+01:00  INFO 59121 --- [locationService] [nio-9092-exec-9] c.a.l.Service.LocationService            : Location récupérée avec succès - ID: 2, Ville: rabat
2026-01-12T21:58:10.417+01:00  INFO 59121 --- [locationService] [io-9092-exec-10] c.a.l.Controller.LocationController      : Requête GET /location/2 - Récupération de la location
2026-01-12T21:58:10.418+01:00  INFO 59121 --- [locationService] [io-9092-exec-10] c.a.l.Service.LocationService            : Récupération de la location avec l'ID: 2
Hibernate: select l1_0.id,l1_0.ville from location l1_0 where l1_0.id=?
2026-01-12T21:58:10.423+01:00  INFO 59121 --- [locationService] [io-9092-exec-10] c.a.l.Service.LocationService            : Location récupérée avec succès - ID: 2, Ville: rabat
2026-01-12T21:58:12.168+01:00  INFO 59121 --- [locationService] [nio-9092-exec-1] c.a.l.Controller.LocationController      : Requête GET /location/2 - Récupération de la location
2026-01-12T21:58:12.168+01:00  INFO 59121 --- [locationService] [nio-9092-exec-1] c.a.l.Service.LocationService            : Récupération de la location avec l'ID: 2
Hibernate: select l1_0.id,l1_0.ville from location l1_0 where l1_0.id=?
2026-01-12T21:58:12.173+01:00  INFO 59121 --- [locationService] [nio-9092-exec-1] c.a.l.Service.LocationService            : Location récupérée avec succès - ID: 2, Ville: rabat
2026-01-12T21:58:12.175+01:00  INFO 59121 --- [locationService] [nio-9092-exec-2] c.a.l.Controller.LocationController      : Requête GET /location/2 - Récupération de la location
2026-01-12T21:58:12.175+01:00  INFO 59121 --- [locationService] [nio-9092-exec-2] c.a.l.Service.LocationService            : Récupération de la location avec l'ID: 2
Hibernate: select l1_0.id,l1_0.ville from location l1_0 where l1_0.id=?
2026-01-12T21:58:12.179+01:00  INFO 59121 --- [locationService] [nio-9092-exec-2] c.a.l.Service.LocationService            : Location récupérée avec succès - ID: 2, Ville: rabat
2026-01-12T21:58:12.200+01:00  INFO 59121 --- [locationService] [nio-9092-exec-3] c.a.l.Controller.LocationController      : Requête GET /location/2 - Récupération de la location
2026-01-12T21:58:12.201+01:00  INFO 59121 --- [locationService] [nio-9092-exec-3] c.a.l.Service.LocationService            : Récupération de la location avec l'ID: 2
Hibernate: select l1_0.id,l1_0.ville from location l1_0 where l1_0.id=?
2026-01-12T21:58:12.204+01:00  INFO 59121 --- [locationService] [nio-9092-exec-3] c.a.l.Service.LocationService            : Location récupérée avec succès - ID: 2, Ville: rabat
2026-01-12T21:58:12.214+01:00  INFO 59121 --- [locationService] [nio-9092-exec-4] c.a.l.Controller.LocationController      : Requête GET /location/2 - Récupération de la location
2026-01-12T21:58:12.214+01:00  INFO 59121 --- [locationService] [nio-9092-exec-4] c.a.l.Service.LocationService            : Récupération de la location avec l'ID: 2
Hibernate: select l1_0.id,l1_0.ville from location l1_0 where l1_0.id=?
2026-01-12T21:58:12.218+01:00  INFO 59121 --- [locationService] [nio-9092-exec-4] c.a.l.Service.LocationService            : Location récupérée avec succès - ID: 2, Ville: rabat
2026-01-12T21:58:14.377+01:00  INFO 59121 --- [locationService] [nio-9092-exec-5] c.a.l.Controller.LocationController      : Requête GET /location/2 - Récupération de la location
2026-01-12T21:58:14.378+01:00  INFO 59121 --- [locationService] [nio-9092-exec-5] c.a.l.Service.LocationService            : Récupération de la location avec l'ID: 2
2026-01-12T21:58:14.379+01:00  INFO 59121 --- [locationService] [nio-9092-exec-6] c.a.l.Controller.LocationController      : Requête GET /location/2 - Récupération de la location
2026-01-12T21:58:14.379+01:00  INFO 59121 --- [locationService] [nio-9092-exec-6] c.a.l.Service.LocationService            : Récupération de la location avec l'ID: 2
Hibernate: select l1_0.id,l1_0.ville from location l1_0 where l1_0.id=?
Hibernate: select l1_0.id,l1_0.ville from location l1_0 where l1_0.id=?
2026-01-12T21:58:14.382+01:00  INFO 59121 --- [locationService] [nio-9092-exec-5] c.a.l.Service.LocationService            : Location récupérée avec succès - ID: 2, Ville: rabat
2026-01-12T21:58:14.383+01:00  INFO 59121 --- [locationService] [nio-9092-exec-6] c.a.l.Service.LocationService            : Location récupérée avec succès - ID: 2, Ville: rabat
2026-01-12T21:58:14.397+01:00  INFO 59121 --- [locationService] [nio-9092-exec-8] c.a.l.Controller.LocationController      : Requête GET /location/2 - Récupération de la location
2026-01-12T21:58:14.397+01:00  INFO 59121 --- [locationService] [nio-9092-exec-8] c.a.l.Service.LocationService            : Récupération de la location avec l'ID: 2
Hibernate: select l1_0.id,l1_0.ville from location l1_0 where l1_0.id=?
2026-01-12T21:58:14.400+01:00  INFO 59121 --- [locationService] [nio-9092-exec-8] c.a.l.Service.LocationService            : Location récupérée avec succès - ID: 2, Ville: rabat
2026-01-12T21:58:14.409+01:00  INFO 59121 --- [locationService] [nio-9092-exec-7] c.a.l.Controller.LocationController      : Requête GET /location/2 - Récupération de la location
2026-01-12T21:58:14.409+01:00  INFO 59121 --- [locationService] [nio-9092-exec-7] c.a.l.Service.LocationService            : Récupération de la location avec l'ID: 2
Hibernate: select l1_0.id,l1_0.ville from location l1_0 where l1_0.id=?
2026-01-12T21:58:14.413+01:00  INFO 59121 --- [locationService] [nio-9092-exec-7] c.a.l.Service.LocationService            : Location récupérée avec succès - ID: 2, Ville: rabat
2026-01-12T21:58:16.929+01:00  INFO 59121 --- [locationService] [nio-9092-exec-9] c.a.l.Controller.LocationController      : Requête GET /location/2 - Récupération de la location
2026-01-12T21:58:16.929+01:00  INFO 59121 --- [locationService] [nio-9092-exec-9] c.a.l.Service.LocationService            : Récupération de la location avec l'ID: 2
Hibernate: select l1_0.id,l1_0.ville from location l1_0 where l1_0.id=?
2026-01-12T21:58:16.936+01:00  INFO 59121 --- [locationService] [nio-9092-exec-9] c.a.l.Service.LocationService            : Location récupérée avec succès - ID: 2, Ville: rabat
2026-01-12T21:58:19.306+01:00  INFO 59121 --- [locationService] [io-9092-exec-10] c.a.l.Controller.LocationController      : Requête GET /location/2 - Récupération de la location
2026-01-12T21:58:19.306+01:00  INFO 59121 --- [locationService] [io-9092-exec-10] c.a.l.Service.LocationService            : Récupération de la location avec l'ID: 2
Hibernate: select l1_0.id,l1_0.ville from location l1_0 where l1_0.id=?
2026-01-12T21:58:19.310+01:00  INFO 59121 --- [locationService] [io-9092-exec-10] c.a.l.Service.LocationService            : Location récupérée avec succès - ID: 2, Ville: rabat
2026-01-12T21:58:19.320+01:00  INFO 59121 --- [locationService] [nio-9092-exec-1] c.a.l.Controller.LocationController      : Requête GET /location/2 - Récupération de la location
2026-01-12T21:58:19.320+01:00  INFO 59121 --- [locationService] [nio-9092-exec-1] c.a.l.Service.LocationService            : Récupération de la location avec l'ID: 2
Hibernate: select l1_0.id,l1_0.ville from location l1_0 where l1_0.id=?
2026-01-12T21:58:19.326+01:00  INFO 59121 --- [locationService] [nio-9092-exec-1] c.a.l.Service.LocationService            : Location récupérée avec succès - ID: 2, Ville: rabat
2026-01-12T21:58:20.770+01:00  INFO 59121 --- [locationService] [nio-9092-exec-2] c.a.l.Controller.LocationController      : Requête GET /location/2 - Récupération de la location
2026-01-12T21:58:20.770+01:00  INFO 59121 --- [locationService] [nio-9092-exec-2] c.a.l.Service.LocationService            : Récupération de la location avec l'ID: 2
Hibernate: select l1_0.id,l1_0.ville from location l1_0 where l1_0.id=?
2026-01-12T21:58:20.779+01:00  INFO 59121 --- [locationService] [nio-9092-exec-2] c.a.l.Service.LocationService            : Location récupérée avec succès - ID: 2, Ville: rabat
2026-01-12T21:58:20.807+01:00  INFO 59121 --- [locationService] [nio-9092-exec-3] c.a.l.Controller.LocationController      : Requête GET /location/2 - Récupération de la location
2026-01-12T21:58:20.807+01:00  INFO 59121 --- [locationService] [nio-9092-exec-3] c.a.l.Service.LocationService            : Récupération de la location avec l'ID: 2
Hibernate: select l1_0.id,l1_0.ville from location l1_0 where l1_0.id=?
2026-01-12T21:58:20.815+01:00  INFO 59121 --- [locationService] [nio-9092-exec-3] c.a.l.Service.LocationService            : Location récupérée avec succès - ID: 2, Ville: rabat
2026-01-12T21:58:20.834+01:00  INFO 59121 --- [locationService] [nio-9092-exec-4] c.a.l.Controller.LocationController      : Requête GET /location/2 - Récupération de la location
2026-01-12T21:58:20.834+01:00  INFO 59121 --- [locationService] [nio-9092-exec-4] c.a.l.Service.LocationService            : Récupération de la location avec l'ID: 2
Hibernate: select l1_0.id,l1_0.ville from location l1_0 where l1_0.id=?
2026-01-12T21:58:20.843+01:00  INFO 59121 --- [locationService] [nio-9092-exec-4] c.a.l.Service.LocationService            : Location récupérée avec succès - ID: 2, Ville: rabat
2026-01-12T21:58:20.879+01:00  INFO 59121 --- [locationService] [nio-9092-exec-5] c.a.l.Controller.LocationController      : Requête GET /location/2 - Récupération de la location
2026-01-12T21:58:20.880+01:00  INFO 59121 --- [locationService] [nio-9092-exec-5] c.a.l.Service.LocationService            : Récupération de la location avec l'ID: 2
Hibernate: select l1_0.id,l1_0.ville from location l1_0 where l1_0.id=?
2026-01-12T21:58:20.886+01:00  INFO 59121 --- [locationService] [nio-9092-exec-5] c.a.l.Service.LocationService            : Location récupérée avec succès - ID: 2, Ville: rabat
2026-01-12T21:58:20.912+01:00  INFO 59121 --- [locationService] [nio-9092-exec-6] c.a.l.Controller.LocationController      : Requête GET /location/2 - Récupération de la location
2026-01-12T21:58:20.912+01:00  INFO 59121 --- [locationService] [nio-9092-exec-6] c.a.l.Service.LocationService            : Récupération de la location avec l'ID: 2
Hibernate: select l1_0.id,l1_0.ville from location l1_0 where l1_0.id=?
2026-01-12T21:58:20.923+01:00  INFO 59121 --- [locationService] [nio-9092-exec-6] c.a.l.Service.LocationService            : Location récupérée avec succès - ID: 2, Ville: rabat
2026-01-12T21:58:20.941+01:00  INFO 59121 --- [locationService] [nio-9092-exec-8] c.a.l.Controller.LocationController      : Requête GET /location/2 - Récupération de la location
2026-01-12T21:58:20.941+01:00  INFO 59121 --- [locationService] [nio-9092-exec-8] c.a.l.Service.LocationService            : Récupération de la location avec l'ID: 2
Hibernate: select l1_0.id,l1_0.ville from location l1_0 where l1_0.id=?
2026-01-12T21:58:20.947+01:00  INFO 59121 --- [locationService] [nio-9092-exec-8] c.a.l.Service.LocationService            : Location récupérée avec succès - ID: 2, Ville: rabat
