[INFO] Scanning for projects...
[INFO] 
[INFO] ---------------------< org.example:gatewayService >---------------------
[INFO] Building gatewayService 0.0.1-SNAPSHOT
[INFO]   from pom.xml
[INFO] --------------------------------[ jar ]---------------------------------
[INFO] 
[INFO] >>> spring-boot:3.3.5:run (default-cli) > test-compile @ gatewayService >>>
[INFO] 
[INFO] --- resources:3.3.1:resources (default-resources) @ gatewayService ---
[INFO] Copying 2 resources from src\main\resources to target\classes
[INFO] Copying 0 resource from src\main\resources to target\classes
[INFO] 
[INFO] --- compiler:3.13.0:compile (default-compile) @ gatewayService ---
[INFO] Recompiling the module because of added or removed source files.
[INFO] Compiling 1 source file with javac [debug parameters release 17] to target\classes
[INFO] 
[INFO] --- resources:3.3.1:testResources (default-testResources) @ gatewayService ---
[INFO] skip non existing resourceDirectory C:\Users\HP\Desktop\blood-donaiton-main\backend\gatewayService\src\test\resources
[INFO] 
[INFO] --- compiler:3.13.0:testCompile (default-testCompile) @ gatewayService ---
[INFO] Recompiling the module because of changed dependency.
[INFO] Compiling 1 source file with javac [debug parameters release 17] to target\test-classes
[INFO] 
[INFO] <<< spring-boot:3.3.5:run (default-cli) < test-compile @ gatewayService <<<
[INFO] 
[INFO] 
[INFO] --- spring-boot:3.3.5:run (default-cli) @ gatewayService ---
[INFO] Attaching agents: []

  .   ____          _            __ _ _
 /\\ / ___'_ __ _ _(_)_ __  __ _ \ \ \ \
( ( )\___ | '_ | '_| | '_ \/ _` | \ \ \ \
 \\/  ___)| |_)| | | | | || (_| |  ) ) ) )
  '  |____| .__|_| |_|_| |_\__, | / / / /
 =========|_|==============|___/=/_/_/_/

 :: Spring Boot ::                (v3.3.5)

2025-12-25T21:49:56.049+01:00  INFO 31268 --- [gatewayService] [           main] o.e.g.GatewayServiceApplication          : Starting GatewayServiceApplication using Java 17.0.17 with PID 31268 (C:\Users\HP\Desktop\blood-donaiton-main\backend\gatewayService\target\classes started by Anas Saibari in C:\Users\HP\Desktop\blood-donaiton-main\backend\gatewayService)
2025-12-25T21:49:56.059+01:00  INFO 31268 --- [gatewayService] [           main] o.e.g.GatewayServiceApplication          : No active profile set, falling back to 1 default profile: "default"
2025-12-25T21:50:07.579+01:00  INFO 31268 --- [gatewayService] [           main] o.s.cloud.context.scope.GenericScope     : BeanFactory id=cd0a39ed-9c59-32b7-b2b3-5c2c7e771be7
2025-12-25T21:50:09.166+01:00  WARN 31268 --- [gatewayService] [           main] trationDelegate$BeanPostProcessorChecker : Bean 'org.springframework.cloud.client.loadbalancer.LoadBalancerAutoConfiguration$DeferringLoadBalancerInterceptorConfig' of type [org.springframework.cloud.client.loadbalancer.LoadBalancerAutoConfiguration$DeferringLoadBalancerInterceptorConfig] is not eligible for getting processed by all BeanPostProcessors (for example: not eligible for auto-proxying). The currently created BeanPostProcessor [lbRestClientPostProcessor] is declared through a non-static factory method on that class; consider declaring it as static instead.
2025-12-25T21:50:09.344+01:00  WARN 31268 --- [gatewayService] [           main] trationDelegate$BeanPostProcessorChecker : Bean 'deferringLoadBalancerInterceptor' of type [org.springframework.cloud.client.loadbalancer.DeferringLoadBalancerInterceptor] is not eligible for getting processed by all BeanPostProcessors (for example: not eligible for auto-proxying). Is this bean getting eagerly injected/applied to a currently created BeanPostProcessor [lbRestClientPostProcessor]? Check the corresponding BeanPostProcessor declaration and its dependencies/advisors. If this bean does not have to be post-processed, declare it with ROLE_INFRASTRUCTURE.
2025-12-25T21:50:09.344+01:00  WARN 31268 --- [gatewayService] [           main] trationDelegate$BeanPostProcessorChecker : Bean 'org.springframework.cloud.client.loadbalancer.reactive.LoadBalancerBeanPostProcessorAutoConfiguration' of type [org.springframework.cloud.client.loadbalancer.reactive.LoadBalancerBeanPostProcessorAutoConfiguration] is not eligible for getting processed by all BeanPostProcessors (for example: not eligible for auto-proxying). The currently created BeanPostProcessor [loadBalancerWebClientBuilderBeanPostProcessor] is declared through a non-static factory method on that class; consider declaring it as static instead.
2025-12-25T21:50:09.344+01:00  WARN 31268 --- [gatewayService] [           main] trationDelegate$BeanPostProcessorChecker : Bean 'org.springframework.cloud.client.loadbalancer.reactive.LoadBalancerBeanPostProcessorAutoConfiguration$ReactorDeferringLoadBalancerFilterConfig' of type [org.springframework.cloud.client.loadbalancer.reactive.LoadBalancerBeanPostProcessorAutoConfiguration$ReactorDeferringLoadBalancerFilterConfig] is not eligible for getting processed by all BeanPostProcessors (for example: not eligible for auto-proxying). Is this bean getting eagerly injected/applied to a currently created BeanPostProcessor [loadBalancerWebClientBuilderBeanPostProcessor]? Check the corresponding BeanPostProcessor declaration and its dependencies/advisors. If this bean does not have to be post-processed, declare it with ROLE_INFRASTRUCTURE.
2025-12-25T21:50:09.351+01:00  WARN 31268 --- [gatewayService] [           main] trationDelegate$BeanPostProcessorChecker : Bean 'reactorDeferringLoadBalancerExchangeFilterFunction' of type [org.springframework.cloud.client.loadbalancer.reactive.DeferringLoadBalancerExchangeFilterFunction] is not eligible for getting processed by all BeanPostProcessors (for example: not eligible for auto-proxying). Is this bean getting eagerly injected/applied to a currently created BeanPostProcessor [loadBalancerWebClientBuilderBeanPostProcessor]? Check the corresponding BeanPostProcessor declaration and its dependencies/advisors. If this bean does not have to be post-processed, declare it with ROLE_INFRASTRUCTURE.
2025-12-25T21:50:13.895+01:00  INFO 31268 --- [gatewayService] [           main] o.s.c.g.r.RouteDefinitionRouteLocator    : Loaded RoutePredicateFactory [After]
2025-12-25T21:50:13.895+01:00  INFO 31268 --- [gatewayService] [           main] o.s.c.g.r.RouteDefinitionRouteLocator    : Loaded RoutePredicateFactory [Before]
2025-12-25T21:50:13.895+01:00  INFO 31268 --- [gatewayService] [           main] o.s.c.g.r.RouteDefinitionRouteLocator    : Loaded RoutePredicateFactory [Between]
2025-12-25T21:50:13.895+01:00  INFO 31268 --- [gatewayService] [           main] o.s.c.g.r.RouteDefinitionRouteLocator    : Loaded RoutePredicateFactory [Cookie]
2025-12-25T21:50:13.895+01:00  INFO 31268 --- [gatewayService] [           main] o.s.c.g.r.RouteDefinitionRouteLocator    : Loaded RoutePredicateFactory [Header]
2025-12-25T21:50:13.895+01:00  INFO 31268 --- [gatewayService] [           main] o.s.c.g.r.RouteDefinitionRouteLocator    : Loaded RoutePredicateFactory [Host]
2025-12-25T21:50:13.895+01:00  INFO 31268 --- [gatewayService] [           main] o.s.c.g.r.RouteDefinitionRouteLocator    : Loaded RoutePredicateFactory [Method]
2025-12-25T21:50:13.895+01:00  INFO 31268 --- [gatewayService] [           main] o.s.c.g.r.RouteDefinitionRouteLocator    : Loaded RoutePredicateFactory [Path]
2025-12-25T21:50:13.895+01:00  INFO 31268 --- [gatewayService] [           main] o.s.c.g.r.RouteDefinitionRouteLocator    : Loaded RoutePredicateFactory [Query]
2025-12-25T21:50:13.899+01:00  INFO 31268 --- [gatewayService] [           main] o.s.c.g.r.RouteDefinitionRouteLocator    : Loaded RoutePredicateFactory [ReadBody]
2025-12-25T21:50:13.899+01:00  INFO 31268 --- [gatewayService] [           main] o.s.c.g.r.RouteDefinitionRouteLocator    : Loaded RoutePredicateFactory [RemoteAddr]
2025-12-25T21:50:13.899+01:00  INFO 31268 --- [gatewayService] [           main] o.s.c.g.r.RouteDefinitionRouteLocator    : Loaded RoutePredicateFactory [XForwardedRemoteAddr]
2025-12-25T21:50:13.899+01:00  INFO 31268 --- [gatewayService] [           main] o.s.c.g.r.RouteDefinitionRouteLocator    : Loaded RoutePredicateFactory [Weight]
2025-12-25T21:50:13.899+01:00  INFO 31268 --- [gatewayService] [           main] o.s.c.g.r.RouteDefinitionRouteLocator    : Loaded RoutePredicateFactory [CloudFoundryRouteService]
2025-12-25T21:50:14.908+01:00  INFO 31268 --- [gatewayService] [           main] o.s.b.a.e.web.EndpointLinksResolver      : Exposing 1 endpoint beneath base path '/actuator'
2025-12-25T21:50:15.352+01:00  INFO 31268 --- [gatewayService] [           main] DiscoveryClientOptionalArgsConfiguration : Eureka HTTP Client uses RestTemplate.
2025-12-25T21:50:15.406+01:00  WARN 31268 --- [gatewayService] [           main] iguration$LoadBalancerCaffeineWarnLogger : Spring Cloud LoadBalancer is currently working with the default cache. While this cache implementation is useful for development and tests, it's recommended to use Caffeine cache in production.You can switch to using Caffeine cache, by adding it and org.springframework.cache.caffeine.CaffeineCacheManager to the classpath.
2025-12-25T21:50:15.494+01:00  INFO 31268 --- [gatewayService] [           main] o.s.c.n.eureka.InstanceInfoFactory       : Setting initial instance status as: STARTING
2025-12-25T21:50:15.530+01:00  INFO 31268 --- [gatewayService] [           main] com.netflix.discovery.DiscoveryClient    : Initializing Eureka in region us-east-1
2025-12-25T21:50:15.545+01:00  INFO 31268 --- [gatewayService] [           main] c.n.d.s.r.aws.ConfigClusterResolver      : Resolving eureka endpoints via configuration
2025-12-25T21:50:15.561+01:00  INFO 31268 --- [gatewayService] [           main] com.netflix.discovery.DiscoveryClient    : Disable delta property : false
2025-12-25T21:50:15.561+01:00  INFO 31268 --- [gatewayService] [           main] com.netflix.discovery.DiscoveryClient    : Single vip registry refresh property : null
2025-12-25T21:50:15.561+01:00  INFO 31268 --- [gatewayService] [           main] com.netflix.discovery.DiscoveryClient    : Force full registry fetch : false
2025-12-25T21:50:15.561+01:00  INFO 31268 --- [gatewayService] [           main] com.netflix.discovery.DiscoveryClient    : Application is null : false
2025-12-25T21:50:15.561+01:00  INFO 31268 --- [gatewayService] [           main] com.netflix.discovery.DiscoveryClient    : Registered Applications size is zero : true
2025-12-25T21:50:15.561+01:00  INFO 31268 --- [gatewayService] [           main] com.netflix.discovery.DiscoveryClient    : Application version is -1: true
2025-12-25T21:50:15.561+01:00  INFO 31268 --- [gatewayService] [           main] com.netflix.discovery.DiscoveryClient    : Getting all instance registry info from the eureka server
2025-12-25T21:50:16.935+01:00  INFO 31268 --- [gatewayService] [           main] com.netflix.discovery.DiscoveryClient    : The response status is 200
2025-12-25T21:50:16.937+01:00  INFO 31268 --- [gatewayService] [           main] com.netflix.discovery.DiscoveryClient    : Starting heartbeat executor: renew interval is: 30
2025-12-25T21:50:16.944+01:00  INFO 31268 --- [gatewayService] [           main] c.n.discovery.InstanceInfoReplicator     : InstanceInfoReplicator onDemand update allowed rate per min is 4
2025-12-25T21:50:16.949+01:00  INFO 31268 --- [gatewayService] [           main] com.netflix.discovery.DiscoveryClient    : Discovery Client initialized at timestamp 1766695816946 with initial instances count: 0
2025-12-25T21:50:16.954+01:00  INFO 31268 --- [gatewayService] [           main] o.s.c.n.e.s.EurekaServiceRegistry        : Registering application GATEWAYSERVICE with eureka with status UP
2025-12-25T21:50:16.954+01:00  INFO 31268 --- [gatewayService] [           main] com.netflix.discovery.DiscoveryClient    : Saw local status change event StatusChangeEvent [timestamp=1766695816954, current=UP, previous=STARTING]
2025-12-25T21:50:16.958+01:00  INFO 31268 --- [gatewayService] [foReplicator-%d] com.netflix.discovery.DiscoveryClient    : DiscoveryClient_GATEWAYSERVICE/192.168.56.1:gatewayService:8888: registering service...
2025-12-25T21:50:17.661+01:00  INFO 31268 --- [gatewayService] [           main] o.s.b.web.embedded.netty.NettyWebServer  : Netty started on port 8888 (http)
2025-12-25T21:50:17.661+01:00  INFO 31268 --- [gatewayService] [           main] .s.c.n.e.s.EurekaAutoServiceRegistration : Updating port to 8888
2025-12-25T21:50:17.772+01:00  INFO 31268 --- [gatewayService] [foReplicator-%d] com.netflix.discovery.DiscoveryClient    : DiscoveryClient_GATEWAYSERVICE/192.168.56.1:gatewayService:8888 - registration status: 204
2025-12-25T21:50:18.010+01:00  INFO 31268 --- [gatewayService] [           main] o.e.g.GatewayServiceApplication          : Started GatewayServiceApplication in 29.876 seconds (process running for 36.164)
2025-12-25T21:50:46.991+01:00  INFO 31268 --- [gatewayService] [reshExecutor-%d] com.netflix.discovery.DiscoveryClient    : Disable delta property : false
2025-12-25T21:50:46.994+01:00  INFO 31268 --- [gatewayService] [reshExecutor-%d] com.netflix.discovery.DiscoveryClient    : Single vip registry refresh property : null
2025-12-25T21:50:46.994+01:00  INFO 31268 --- [gatewayService] [reshExecutor-%d] com.netflix.discovery.DiscoveryClient    : Force full registry fetch : false
2025-12-25T21:50:46.994+01:00  INFO 31268 --- [gatewayService] [reshExecutor-%d] com.netflix.discovery.DiscoveryClient    : Application is null : false
2025-12-25T21:50:46.994+01:00  INFO 31268 --- [gatewayService] [reshExecutor-%d] com.netflix.discovery.DiscoveryClient    : Registered Applications size is zero : true
2025-12-25T21:50:46.994+01:00  INFO 31268 --- [gatewayService] [reshExecutor-%d] com.netflix.discovery.DiscoveryClient    : Application version is -1: false
2025-12-25T21:50:46.994+01:00  INFO 31268 --- [gatewayService] [reshExecutor-%d] com.netflix.discovery.DiscoveryClient    : Getting all instance registry info from the eureka server
2025-12-25T21:50:47.134+01:00  INFO 31268 --- [gatewayService] [reshExecutor-%d] com.netflix.discovery.DiscoveryClient    : The response status is 200
2025-12-25T21:55:15.601+01:00  INFO 31268 --- [gatewayService] [rap-executor-%d] c.n.d.s.r.aws.ConfigClusterResolver      : Resolving eureka endpoints via configuration
2025-12-25T22:00:15.694+01:00  INFO 31268 --- [gatewayService] [rap-executor-%d] c.n.d.s.r.aws.ConfigClusterResolver      : Resolving eureka endpoints via configuration
2025-12-25T22:05:15.781+01:00  INFO 31268 --- [gatewayService] [rap-executor-%d] c.n.d.s.r.aws.ConfigClusterResolver      : Resolving eureka endpoints via configuration
2025-12-25T22:10:15.853+01:00  INFO 31268 --- [gatewayService] [rap-executor-%d] c.n.d.s.r.aws.ConfigClusterResolver      : Resolving eureka endpoints via configuration
2025-12-25T22:15:15.903+01:00  INFO 31268 --- [gatewayService] [rap-executor-%d] c.n.d.s.r.aws.ConfigClusterResolver      : Resolving eureka endpoints via configuration
[INFO] ------------------------------------------------------------------------
[INFO] BUILD FAILURE
[INFO] ------------------------------------------------------------------------
[INFO] Total time:  29:11 min
[INFO] Finished at: 2025-12-25T22:17:15+01:00
[INFO] ------------------------------------------------------------------------
[ERROR] Failed to execute goal org.springframework.boot:spring-boot-maven-plugin:3.3.5:run (default-cli) on project gatewayService: Process terminated with exit code: 1 -> [Help 1]
[ERROR] 
[ERROR] To see the full stack trace of the errors, re-run Maven with the -e switch.
[ERROR] Re-run Maven using the -X switch to enable full debug logging.
[ERROR] 
[ERROR] For more information about the errors and possible solutions, please read the following articles:
[ERROR] [Help 1] http://cwiki.apache.org/confluence/display/MAVEN/MojoExecutionException
